Archive member included to satisfy reference by file (symbol)

/home/alhussein/st/STEdgeAI/4.0/Middlewares/ST/AI/Lib/GCC/ARMCortexM33/NetworkRuntime1201_CM33_GCC.a(layers_pool_generic_float.o)
                              network.o (forward_mp)
/home/alhussein/st/STEdgeAI/4.0/Middlewares/ST/AI/Lib/GCC/ARMCortexM33/NetworkRuntime1201_CM33_GCC.a(forward_lite_conv2d_if32of32wf32.o)
                              network.o (forward_lite_conv2d_if32of32wf32)
/home/alhussein/st/STEdgeAI/4.0/Middlewares/ST/AI/Lib/GCC/ARMCortexM33/NetworkRuntime1201_CM33_GCC.a(lite_dense_if32.o)
                              network.o (forward_lite_dense_if32of32wf32)
/home/alhussein/st/STEdgeAI/4.0/Middlewares/ST/AI/Lib/GCC/ARMCortexM33/NetworkRuntime1201_CM33_GCC.a(lite_nl_generic_float.o)
                              network.o (forward_lite_nl_relu_if32of32)
/home/alhussein/st/STEdgeAI/4.0/Middlewares/ST/AI/Lib/GCC/ARMCortexM33/NetworkRuntime1201_CM33_GCC.a(st_int8_fill.o)
                              /home/alhussein/st/STEdgeAI/4.0/Middlewares/ST/AI/Lib/GCC/ARMCortexM33/NetworkRuntime1201_CM33_GCC.a(forward_lite_conv2d_if32of32wf32.o) (st_int8_copy)
/home/alhussein/st/STEdgeAI/4.0/Middlewares/ST/AI/Lib/GCC/ARMCortexM33/NetworkRuntime1201_CM33_GCC.a(ai_math_helpers.o)
                              /home/alhussein/st/STEdgeAI/4.0/Middlewares/ST/AI/Lib/GCC/ARMCortexM33/NetworkRuntime1201_CM33_GCC.a(lite_nl_generic_float.o) (ai_math_sqrt)
/home/alhussein/st/STEdgeAI/4.0/Middlewares/ST/AI/Lib/GCC/ARMCortexM33/NetworkRuntime1201_CM33_GCC.a(ai_math_elementwise_mul_int8.o)
                              /home/alhussein/st/STEdgeAI/4.0/Middlewares/ST/AI/Lib/GCC/ARMCortexM33/NetworkRuntime1201_CM33_GCC.a(ai_math_helpers.o) (ai_math_elementwise_mul_int8)
/home/alhussein/st/STEdgeAI/4.0/Middlewares/ST/AI/Lib/GCC/ARMCortexM33/NetworkRuntime1201_CM33_GCC.a(ai_math_elementwise_sum_int8.o)
                              /home/alhussein/st/STEdgeAI/4.0/Middlewares/ST/AI/Lib/GCC/ARMCortexM33/NetworkRuntime1201_CM33_GCC.a(ai_math_helpers.o) (ai_math_elementwise_sum_int8)
/home/alhussein/st/STEdgeAI/4.0/Middlewares/ST/AI/Lib/GCC/ARMCortexM33/NetworkRuntime1201_CM33_GCC.a(lite_nl_softmax_if32of32.o)
                              /home/alhussein/st/STEdgeAI/4.0/Middlewares/ST/AI/Lib/GCC/ARMCortexM33/NetworkRuntime1201_CM33_GCC.a(lite_nl_generic_float.o) (forward_lite_nl_softmax_if32of32_kernel)
/home/alhussein/st/STEdgeAI/4.0/Middlewares/ST/AI/Lib/GCC/ARMCortexM33/NetworkRuntime1201_CM33_GCC.a(lite_nl_relu_if32of32.o)
                              /home/alhussein/st/STEdgeAI/4.0/Middlewares/ST/AI/Lib/GCC/ARMCortexM33/NetworkRuntime1201_CM33_GCC.a(lite_nl_generic_float.o) (forward_lite_nl_prelu_if32of32_kernel)
/home/alhussein/st/STEdgeAI/4.0/Middlewares/ST/AI/Lib/GCC/ARMCortexM33/NetworkRuntime1201_CM33_GCC.a(st_align_factor.o)
                              /home/alhussein/st/STEdgeAI/4.0/Middlewares/ST/AI/Lib/GCC/ARMCortexM33/NetworkRuntime1201_CM33_GCC.a(ai_math_helpers.o) (align_factor)
/home/alhussein/st/stm32cubeclt_1.21.0/GNU-tools-for-STM32/bin/../lib/gcc/arm-none-eabi/14.3.1/thumb/v8-m.main+fp/hard/libgcc.a(_fixsfdi.o)
                              /home/alhussein/st/STEdgeAI/4.0/Middlewares/ST/AI/Lib/GCC/ARMCortexM33/NetworkRuntime1201_CM33_GCC.a(st_align_factor.o) (__aeabi_f2lz)
/home/alhussein/st/stm32cubeclt_1.21.0/GNU-tools-for-STM32/bin/../lib/gcc/arm-none-eabi/14.3.1/thumb/v8-m.main+fp/hard/libgcc.a(_fixunssfdi.o)
                              /home/alhussein/st/stm32cubeclt_1.21.0/GNU-tools-for-STM32/bin/../lib/gcc/arm-none-eabi/14.3.1/thumb/v8-m.main+fp/hard/libgcc.a(_fixsfdi.o) (__aeabi_f2ulz)
/home/alhussein/st/stm32cubeclt_1.21.0/GNU-tools-for-STM32/bin/../lib/gcc/arm-none-eabi/14.3.1/thumb/v8-m.main+fp/hard/libgcc.a(_arm_muldf3.o)
                              /home/alhussein/st/stm32cubeclt_1.21.0/GNU-tools-for-STM32/bin/../lib/gcc/arm-none-eabi/14.3.1/thumb/v8-m.main+fp/hard/libgcc.a(_fixunssfdi.o) (__aeabi_dmul)
/home/alhussein/st/stm32cubeclt_1.21.0/GNU-tools-for-STM32/bin/../lib/gcc/arm-none-eabi/14.3.1/thumb/v8-m.main+fp/hard/libgcc.a(_arm_addsubdf3.o)
                              /home/alhussein/st/stm32cubeclt_1.21.0/GNU-tools-for-STM32/bin/../lib/gcc/arm-none-eabi/14.3.1/thumb/v8-m.main+fp/hard/libgcc.a(_fixunssfdi.o) (__aeabi_dsub)
/home/alhussein/st/stm32cubeclt_1.21.0/GNU-tools-for-STM32/bin/../lib/gcc/arm-none-eabi/14.3.1/thumb/v8-m.main+fp/hard/libgcc.a(_arm_fixunsdfsi.o)
                              /home/alhussein/st/stm32cubeclt_1.21.0/GNU-tools-for-STM32/bin/../lib/gcc/arm-none-eabi/14.3.1/thumb/v8-m.main+fp/hard/libgcc.a(_fixunssfdi.o) (__aeabi_d2uiz)
/home/alhussein/st/stm32cubeclt_1.21.0/GNU-tools-for-STM32/bin/../lib/gcc/arm-none-eabi/14.3.1/../../../../arm-none-eabi/lib/thumb/v8-m.main+fp/hard/libc_nano.a(libc_a-exit.o)
[...]
Memory Configuration

Name             Origin             Length             Attributes
RAM              0x20000000         0x02000000         xrw
FLASH            0x08000000         0x02000000         xr
*default*        0x00000000         0xffffffff

Linker script and memory map

LOAD /home/alhussein/st/stm32cubeclt_1.21.0/GNU-tools-for-STM32/bin/../lib/gcc/arm-none-eabi/14.3.1/thumb/v8-m.main+fp/hard/crti.o
LOAD /home/alhussein/st/stm32cubeclt_1.21.0/GNU-tools-for-STM32/bin/../lib/gcc/arm-none-eabi/14.3.1/thumb/v8-m.main+fp/hard/crtbegin.o
LOAD /home/alhussein/st/stm32cubeclt_1.21.0/GNU-tools-for-STM32/bin/../lib/gcc/arm-none-eabi/14.3.1/../../../../arm-none-eabi/lib/thumb/v8-m.main+fp/hard/crt0.o
START GROUP
LOAD /home/alhussein/st/stm32cubeclt_1.21.0/GNU-tools-for-STM32/bin/../lib/gcc/arm-none-eabi/14.3.1/../../../../arm-none-eabi/lib/thumb/v8-m.main+fp/hard/libm.a
END GROUP
LOAD network.o
LOAD network_data.o
LOAD startup_stm32xx.o
LOAD stedgeai_app_main.o
LOAD stedgeai_hsp_stubs.o
LOAD syscalls.o
LOAD sysmem.o
LOAD /home/alhussein/st/STEdgeAI/4.0/Middlewares/ST/AI/Lib/GCC/ARMCortexM33/NetworkRuntime1201_CM33_GCC.a
START GROUP
LOAD /home/alhussein/st/stm32cubeclt_1.21.0/GNU-tools-for-STM32/bin/../lib/gcc/arm-none-eabi/14.3.1/thumb/v8-m.main+fp/hard/libgcc.a
LOAD /home/alhussein/st/stm32cubeclt_1.21.0/GNU-tools-for-STM32/bin/../lib/gcc/arm-none-eabi/14.3.1/../../../../arm-none-eabi/lib/thumb/v8-m.main+fp/hard/libc_nano.a
END GROUP
START GROUP
LOAD /home/alhussein/st/stm32cubeclt_1.21.0/GNU-tools-for-STM32/bin/../lib/gcc/arm-none-eabi/14.3.1/thumb/v8-m.main+fp/hard/libgcc.a
LOAD /home/alhussein/st/stm32cubeclt_1.21.0/GNU-tools-for-STM32/bin/../lib/gcc/arm-none-eabi/14.3.1/../../../../arm-none-eabi/lib/thumb/v8-m.main+fp/hard/libc_nano.a
END GROUP
LOAD /home/alhussein/st/stm32cubeclt_1.21.0/GNU-tools-for-STM32/bin/../lib/gcc/arm-none-eabi/14.3.1/thumb/v8-m.main+fp/hard/crtend.o
LOAD /home/alhussein/st/stm32cubeclt_1.21.0/GNU-tools-for-STM32/bin/../lib/gcc/arm-none-eabi/14.3.1/thumb/v8-m.main+fp/hard/crtn.o
                0x21000000                        _estack = 0x21000000
                0x00002000                        _Min_Heap_Size = 0x2000
                0x00001000                        _Min_Stack_Size = 0x1000

.isr_vector     0x08000000       0x40
                0x08000000                        . = ALIGN (0x4)
 *(.isr_vector)
 .isr_vector    0x08000000       0x40 startup_stm32xx.o
                0x08000000                g_pfnVectors
                0x08000040                        . = ALIGN (0x4)

.text           0x08000040     0x168c
                0x08000040                        . = ALIGN (0x4)
 *(.text)
 .text          0x08000040       0x40 /home/alhussein/st/stm32cubeclt_1.21.0/GNU-tools-for-STM32/bin/../lib/gcc/arm-none-eabi/14.3.1/thumb/v8-m.main+fp/hard/crtbegin.o
 *(.text*)
 .text._stai_network_check
                0x08000080       0x36 network.o
 *fill*         0x080000b6        0x2 
 .text.stai_network_init
                0x080000b8       0x38 network.o
                0x080000b8                stai_network_init
 .text.forward_lite_mp_max_pooling2d
                0x080000f0       0x74 network.o
                0x080000f0                forward_lite_mp_max_pooling2d
 .text.stai_network_run
                0x08000164      0x260 network.o
                0x08000164                stai_network_run
 .text.stai_network_get_activations
                0x080003c4       0x4c network.o
                0x080003c4                stai_network_get_activations
 .text.stai_network_get_inputs
                0x08000410       0x4c network.o
                0x08000410                stai_network_get_inputs
 .text.stai_network_get_outputs
                0x0800045c       0x4c network.o
                0x0800045c                stai_network_get_outputs
 .text.stai_network_set_activations
                0x080004a8       0x88 network.o
                0x080004a8                stai_network_set_activations
 .text.Reset_Handler
                0x08000530       0x50 startup_stm32xx.o
                0x08000530                Reset_Handler
 .text.Default_Handler
                0x08000580        0x2 startup_stm32xx.o
                0x08000580                DebugMon_Handler
                0x08000580                HardFault_Handler
                0x08000580                SysTick_Handler
                0x08000580                PendSV_Handler
                0x08000580                NMI_Handler
                0x08000580                UsageFault_Handler
                0x08000580                Default_Handler
                0x08000580                MemManage_Handler
                0x08000580                SVC_Handler
                0x08000580                BusFault_Handler
 *fill*         0x08000582        0x2 
 .text.aiInit   0x08000584       0x50 stedgeai_app_main.o
                0x08000584                aiInit
 .text.aiRun    0x080005d4        0xc stedgeai_app_main.o
                0x080005d4                aiRun
 .text.main_loop
                0x080005e0        0xc stedgeai_app_main.o
                0x080005e0                main_loop
 .text.SystemInit
                0x080005ec        0x2 stedgeai_app_main.o
                0x080005ec                SystemInit
 .text.startup.main
                0x080005ee        0x6 stedgeai_app_main.o
                0x080005ee                main
 .text.forward_mp
                0x080005f4      0x1cc /home/alhussein/st/STEdgeAI/4.0/Middlewares/ST/AI/Lib/GCC/ARMCortexM33/NetworkRuntime1201_CM33_GCC.a(layers_pool_generic_float.o)
                0x080005f4                forward_mp
 .text.forward_lite_conv2d_if32of32wf32
                0x080007c0      0x670 /home/alhussein/st/STEdgeAI/4.0/Middlewares/ST/AI/Lib/GCC/ARMCortexM33/NetworkRuntime1201_CM33_GCC.a(forward_lite_conv2d_if32of32wf32.o)
                0x080007c0                forward_lite_conv2d_if32of32wf32
 .text.forward_lite_dense_if32of32wf32
                0x08000e30      0x2b8 /home/alhussein/st/STEdgeAI/4.0/Middlewares/ST/AI/Lib/GCC/ARMCortexM33/NetworkRuntime1201_CM33_GCC.a(lite_dense_if32.o)
                0x08000e30                forward_lite_dense_if32of32wf32
 .text.forward_lite_nl_relu_if32of32
                0x080010e8       0x38 /home/alhussein/st/STEdgeAI/4.0/Middlewares/ST/AI/Lib/GCC/ARMCortexM33/NetworkRuntime1201_CM33_GCC.a(lite_nl_generic_float.o)
                0x080010e8                forward_lite_nl_relu_if32of32
 .text.forward_lite_nl_softmax_if32of32
                0x08001120       0x64 /home/alhussein/st/STEdgeAI/4.0/Middlewares/ST/AI/Lib/GCC/ARMCortexM33/NetworkRuntime1201_CM33_GCC.a(lite_nl_generic_float.o)
                0x08001120                forward_lite_nl_softmax_if32of32
 .text.st_int8_copy
                0x08001184      0x13c /home/alhussein/st/STEdgeAI/4.0/Middlewares/ST/AI/Lib/GCC/ARMCortexM33/NetworkRuntime1201_CM33_GCC.a(st_int8_fill.o)
                0x08001184                st_int8_copy
 .text.forward_lite_nl_softmax_if32of32_kernel
                0x080012c0       0xdc /home/alhussein/st/STEdgeAI/4.0/Middlewares/ST/AI/Lib/GCC/ARMCortexM33/NetworkRuntime1201_CM33_GCC.a(lite_nl_softmax_if32of32.o)
                0x080012c0                forward_lite_nl_softmax_if32of32_kernel
 .text.__errno  0x0800139c        0xc /home/alhussein/st/stm32cubeclt_1.21.0/GNU-tools-for-STM32/bin/../lib/gcc/arm-none-eabi/14.3.1/../../../../arm-none-eabi/lib/thumb/v8-m.main+fp/hard/libc_nano.a(libc_a-errno.o)
                0x0800139c                __errno
 .text.__libc_init_array
                0x080013a8       0x48 /home/alhussein/st/stm32cubeclt_1.21.0/GNU-tools-for-STM32/bin/../lib/gcc/arm-none-eabi/14.3.1/../../../../arm-none-eabi/lib/thumb/v8-m.main+fp/hard/libc_nano.a(libc_a-init.o)
                0x080013a8                __libc_init_array
 .text.expf     0x080013f0       0x78 /home/alhussein/st/stm32cubeclt_1.21.0/GNU-tools-for-STM32/bin/../lib/gcc/arm-none-eabi/14.3.1/../../../../arm-none-eabi/lib/thumb/v8-m.main+fp/hard/libm.a(libm_a-wf_exp.o)
                0x080013f0                expf
 .text.finitef  0x08001468       0x14 /home/alhussein/st/stm32cubeclt_1.21.0/GNU-tools-for-STM32/bin/../lib/gcc/arm-none-eabi/14.3.1/../../../../arm-none-eabi/lib/thumb/v8-m.main+fp/hard/libm.a(libm_a-sf_finite.o)
                0x08001468                finitef
 .text.with_errnof
                0x0800147c       0x1c /home/alhussein/st/stm32cubeclt_1.21.0/GNU-tools-for-STM32/bin/../lib/gcc/arm-none-eabi/14.3.1/../../../../arm-none-eabi/lib/thumb/v8-m.main+fp/hard/libm.a(libm_a-math_errf.o)
 .text.xflowf   0x08001498       0x20 /home/alhussein/st/stm32cubeclt_1.21.0/GNU-tools-for-STM32/bin/../lib/gcc/arm-none-eabi/14.3.1/../../../../arm-none-eabi/lib/thumb/v8-m.main+fp/hard/libm.a(libm_a-math_errf.o)
 .text.__math_uflowf
                0x080014b8        0xc /home/alhussein/st/stm32cubeclt_1.21.0/GNU-tools-for-STM32/bin/../lib/gcc/arm-none-eabi/14.3.1/../../../../arm-none-eabi/lib/thumb/v8-m.main+fp/hard/libm.a(libm_a-math_errf.o)
                0x080014b8                __math_uflowf
 .text.__math_oflowf
                0x080014c4        0xc /home/alhussein/st/stm32cubeclt_1.21.0/GNU-tools-for-STM32/bin/../lib/gcc/arm-none-eabi/14.3.1/../../../../arm-none-eabi/lib/thumb/v8-m.main+fp/hard/libm.a(libm_a-math_errf.o)
                0x080014c4                __math_oflowf
 .text.__ieee754_expf
                0x080014d0      0x1e4 /home/alhussein/st/stm32cubeclt_1.21.0/GNU-tools-for-STM32/bin/../lib/gcc/arm-none-eabi/14.3.1/../../../../arm-none-eabi/lib/thumb/v8-m.main+fp/hard/libm.a(libm_a-ef_exp.o)
                0x080014d0                __ieee754_expf
 *(.glue_7)
 .glue_7        0x080016b4        0x0 linker stubs
 *(.glue_7t)
 .glue_7t       0x080016b4        0x0 linker stubs
 *(.eh_frame)
 .eh_frame      0x080016b4        0x0 /home/alhussein/st/stm32cubeclt_1.21.0/GNU-tools-for-STM32/bin/../lib/gcc/arm-none-eabi/14.3.1/thumb/v8-m.main+fp/hard/crtbegin.o
 *(.init)
 .init          0x080016b4        0x4 /home/alhussein/st/stm32cubeclt_1.21.0/GNU-tools-for-STM32/bin/../lib/gcc/arm-none-eabi/14.3.1/thumb/v8-m.main+fp/hard/crti.o
                0x080016b4                _init
 .init          0x080016b8        0x8 /home/alhussein/st/stm32cubeclt_1.21.0/GNU-tools-for-STM32/bin/../lib/gcc/arm-none-eabi/14.3.1/thumb/v8-m.main+fp/hard/crtn.o
 *(.fini)
 .fini          0x080016c0        0x4 /home/alhussein/st/stm32cubeclt_1.21.0/GNU-tools-for-STM32/bin/../lib/gcc/arm-none-eabi/14.3.1/thumb/v8-m.main+fp/hard/crti.o
                0x080016c0                _fini
 .fini          0x080016c4        0x8 /home/alhussein/st/stm32cubeclt_1.21.0/GNU-tools-for-STM32/bin/../lib/gcc/arm-none-eabi/14.3.1/thumb/v8-m.main+fp/hard/crtn.o
                0x080016cc                        . = ALIGN (0x4)
                0x080016cc                        _etext = .

.vfp11_veneer   0x080016cc        0x0
 .vfp11_veneer  0x080016cc        0x0 linker stubs

.v4_bx          0x080016cc        0x0
 .v4_bx         0x080016cc        0x0 linker stubs

.iplt           0x080016cc        0x0
 .iplt          0x080016cc        0x0 /home/alhussein/st/stm32cubeclt_1.21.0/GNU-tools-for-STM32/bin/../lib/gcc/arm-none-eabi/14.3.1/thumb/v8-m.main+fp/hard/crtbegin.o

.rodata         0x080016d0     0x9c30
                0x080016d0                        . = ALIGN (0x4)
 *(.rodata)
 *(.rodata*)
 .rodata._network_context.0
                0x080016d0       0x30 network.o
 .rodata.max_pooling2d_chain
                0x08001700        0x8 network.o
 .rodata.g_network_weights_array
                0x08001708     0x9be0 network_data.o
                0x08001708                g_network_weights_array
 .rodata.ln2LO  0x0800b2e8        0x8 /home/alhussein/st/stm32cubeclt_1.21.0/GNU-tools-for-STM32/bin/../lib/gcc/arm-none-eabi/14.3.1/../../../../arm-none-eabi/lib/thumb/v8-m.main+fp/hard/libm.a(libm_a-ef_exp.o)
 .rodata.ln2HI  0x0800b2f0        0x8 /home/alhussein/st/stm32cubeclt_1.21.0/GNU-tools-for-STM32/bin/../lib/gcc/arm-none-eabi/14.3.1/../../../../arm-none-eabi/lib/thumb/v8-m.main+fp/hard/libm.a(libm_a-ef_exp.o)
 .rodata.halF   0x0800b2f8        0x8 /home/alhussein/st/stm32cubeclt_1.21.0/GNU-tools-for-STM32/bin/../lib/gcc/arm-none-eabi/14.3.1/../../../../arm-none-eabi/lib/thumb/v8-m.main+fp/hard/libm.a(libm_a-ef_exp.o)
                0x0800b300                        . = ALIGN (0x4)

.rel.dyn        0x0800b300        0x0
 .rel.iplt      0x0800b300        0x0 /home/alhussein/st/stm32cubeclt_1.21.0/GNU-tools-for-STM32/bin/../lib/gcc/arm-none-eabi/14.3.1/thumb/v8-m.main+fp/hard/crtbegin.o

.ARM.extab      0x0800b300        0x0
                0x0800b300                        . = ALIGN (0x4)
 *(.ARM.extab* .gnu.linkonce.armextab.*)
                0x0800b300                        . = ALIGN (0x4)

.ARM            0x0800b300        0x0
                0x0800b300                        . = ALIGN (0x4)
                0x0800b300                        __exidx_start = .
 *(.ARM.exidx*)
                0x0800b300                        __exidx_end = .
                0x0800b300                        . = ALIGN (0x4)

.preinit_array  0x0800b300        0x0
                0x0800b300                        . = ALIGN (0x4)
                0x0800b300                        PROVIDE (__preinit_array_start = .)
 *(.preinit_array*)
                0x0800b300                        PROVIDE (__preinit_array_end = .)
                0x0800b300                        . = ALIGN (0x4)

.init_array     0x0800b300        0x4
                0x0800b300                        . = ALIGN (0x4)
                0x0800b300                        PROVIDE (__init_array_start = .)
 *(SORT_BY_NAME(.init_array.*))
 *(.init_array*)
 .init_array    0x0800b300        0x4 /home/alhussein/st/stm32cubeclt_1.21.0/GNU-tools-for-STM32/bin/../lib/gcc/arm-none-eabi/14.3.1/thumb/v8-m.main+fp/hard/crtbegin.o
                0x0800b304                        PROVIDE (__init_array_end = .)
                0x0800b304                        . = ALIGN (0x4)

.fini_array     0x0800b304        0x4
                0x0800b304                        . = ALIGN (0x4)
                [!provide]                        PROVIDE (__fini_array_start = .)
 *(SORT_BY_NAME(.fini_array.*))
 *(.fini_array*)
 .fini_array    0x0800b304        0x4 /home/alhussein/st/stm32cubeclt_1.21.0/GNU-tools-for-STM32/bin/../lib/gcc/arm-none-eabi/14.3.1/thumb/v8-m.main+fp/hard/crtbegin.o
                [!provide]                        PROVIDE (__fini_array_end = .)
                0x0800b308                        . = ALIGN (0x4)
                0x0800b308                        _sidata = LOADADDR (.data)

.data           0x20000000      0x158 load address 0x0800b308
                0x20000000                        . = ALIGN (0x4)
                0x20000000                        _sdata = .
 *(.data)
 *(.data*)
 .data.max_pooling2d_layer
                0x20000000       0x38 network.o
 .data.__compound_literal.29
                0x20000038       0x30 network.o
 .data.__compound_literal.26
                0x20000068        0x4 network.o
 .data.__compound_literal.25
                0x2000006c        0x4 network.o
 .data.max_pooling2d_output
                0x20000070       0x1c network.o
 .data.__compound_literal.24
                0x2000008c       0x10 network.o
 .data.__compound_literal.23
                0x2000009c       0x10 network.o
 .data.activation_output
                0x200000ac       0x1c network.o
 .data.__compound_literal.22
                0x200000c8       0x10 network.o
 .data.__compound_literal.21
                0x200000d8       0x10 network.o
 .data.max_pooling2d_output_array
                0x200000e8       0x10 network.o
 .data.activation_output_array
                0x200000f8       0x10 network.o
 .data._impure_ptr
                0x20000108        0x4 /home/alhussein/st/stm32cubeclt_1.21.0/GNU-tools-for-STM32/bin/../lib/gcc/arm-none-eabi/14.3.1/../../../../arm-none-eabi/lib/thumb/v8-m.main+fp/hard/libc_nano.a(libc_a-impure.o)
                0x20000108                _impure_ptr
 .data._impure_data
                0x2000010c       0x4c /home/alhussein/st/stm32cubeclt_1.21.0/GNU-tools-for-STM32/bin/../lib/gcc/arm-none-eabi/14.3.1/../../../../arm-none-eabi/lib/thumb/v8-m.main+fp/hard/libc_nano.a(libc_a-impure.o)
                0x2000010c                _impure_data
                0x20000158                        . = ALIGN (0x4)
                0x20000158                        _edata = .

.igot.plt       0x20000158        0x0 load address 0x0800b460
 .igot.plt      0x20000158        0x0 /home/alhussein/st/stm32cubeclt_1.21.0/GNU-tools-for-STM32/bin/../lib/gcc/arm-none-eabi/14.3.1/thumb/v8-m.main+fp/hard/crtbegin.o
                0x20000158                        . = ALIGN (0x4)

.bss            0x20000158     0x2948 load address 0x0800b460
                0x20000158                        _sbss = .
                0x20000158                        __bss_start__ = _sbss
 *(.bss)
 .bss           0x20000158       0x1c /home/alhussein/st/stm32cubeclt_1.21.0/GNU-tools-for-STM32/bin/../lib/gcc/arm-none-eabi/14.3.1/thumb/v8-m.main+fp/hard/crtbegin.o
 *(.bss*)
 .bss.__compound_literal.30
                0x20000174       0x10 network.o
 .bss.__compound_literal.28
                0x20000184        0x4 network.o
 .bss.__compound_literal.27
                0x20000188        0x4 network.o
 .bss.m_acts    0x2000018c        0x4 stedgeai_app_main.o
 .bss.m_outputs
                0x20000190        0x4 stedgeai_app_main.o
 .bss.m_inputs  0x20000194        0x4 stedgeai_app_main.o
 .bss.activations_1
                0x20000198     0x27a0 stedgeai_app_main.o
 .bss.m_network
                0x20002938       0x30 stedgeai_app_main.o
                0x20002938                m_network
 .bss.__sf      0x20002968      0x138 /home/alhussein/st/stm32cubeclt_1.21.0/GNU-tools-for-STM32/bin/../lib/gcc/arm-none-eabi/14.3.1/../../../../arm-none-eabi/lib/thumb/v8-m.main+fp/hard/libc_nano.a(libc_a-findfp.o)
                0x20002968                __sf
 *(COMMON)
                0x20002aa0                        . = ALIGN (0x4)
                0x20002aa0                        _ebss = .
                0x20002aa0                        __bss_end__ = _ebss

._user_heap_stack
                0x20002aa0     0x3000 load address 0x0800b460
                0x20002aa0                        . = ALIGN (0x8)
                [!provide]                        PROVIDE (end = .)
                0x20002aa0                        PROVIDE (_end = .)
                0x20004aa0                        . = (. + _Min_Heap_Size)
 *fill*         0x20002aa0     0x2000 
                0x20005aa0                        . = (. + _Min_Stack_Size)
 *fill*         0x20004aa0     0x1000 
                0x20005aa0                        . = ALIGN (0x8)

/DISCARD/
 libc.a(*)
 libm.a(*)
 libgcc.a(*)

.ARM.attributes
                0x00000000       0x36
 *(.ARM.attributes)
 .ARM.attributes
                0x00000000       0x26 /home/alhussein/st/stm32cubeclt_1.21.0/GNU-tools-for-STM32/bin/../lib/gcc/arm-none-eabi/14.3.1/thumb/v8-m.main+fp/hard/crti.o
 .ARM.attributes
                0x00000026       0x38 /home/alhussein/st/stm32cubeclt_1.21.0/GNU-tools-for-STM32/bin/../lib/gcc/arm-none-eabi/14.3.1/thumb/v8-m.main+fp/hard/crtbegin.o
 .ARM.attributes
                0x0000005e       0x3a network.o
 .ARM.attributes
                0x00000098       0x3a network_data.o
 .ARM.attributes
                0x000000d2       0x21 startup_stm32xx.o
 .ARM.attributes
                0x000000f3       0x3a stedgeai_app_main.o
 .ARM.attributes
                0x0000012d       0x36 /home/alhussein/st/STEdgeAI/4.0/Middlewares/ST/AI/Lib/GCC/ARMCortexM33/NetworkRuntime1201_CM33_GCC.a(layers_pool_generic_float.o)
 .ARM.attributes
                0x00000163       0x36 /home/alhussein/st/STEdgeAI/4.0/Middlewares/ST/AI/Lib/GCC/ARMCortexM33/NetworkRuntime1201_CM33_GCC.a(forward_lite_conv2d_if32of32wf32.o)
 .ARM.attributes
                0x00000199       0x36 /home/alhussein/st/STEdgeAI/4.0/Middlewares/ST/AI/Lib/GCC/ARMCortexM33/NetworkRuntime1201_CM33_GCC.a(lite_dense_if32.o)
 .ARM.attributes
                0x000001cf       0x36 /home/alhussein/st/STEdgeAI/4.0/Middlewares/ST/AI/Lib/GCC/ARMCortexM33/NetworkRuntime1201_CM33_GCC.a(lite_nl_generic_float.o)
 .ARM.attributes
                0x00000205       0x36 /home/alhussein/st/STEdgeAI/4.0/Middlewares/ST/AI/Lib/GCC/ARMCortexM33/NetworkRuntime1201_CM33_GCC.a(st_int8_fill.o)
 .ARM.attributes
                0x0000023b       0x36 /home/alhussein/st/STEdgeAI/4.0/Middlewares/ST/AI/Lib/GCC/ARMCortexM33/NetworkRuntime1201_CM33_GCC.a(lite_nl_softmax_if32of32.o)
 .ARM.attributes
                0x00000271       0x38 /home/alhussein/st/stm32cubeclt_1.21.0/GNU-tools-for-STM32/bin/../lib/gcc/arm-none-eabi/14.3.1/../../../../arm-none-eabi/lib/thumb/v8-m.main+fp/hard/libc_nano.a(libc_a-findfp.o)
 .ARM.attributes
                0x000002a9       0x38 /home/alhussein/st/stm32cubeclt_1.21.0/GNU-tools-for-STM32/bin/../lib/gcc/arm-none-eabi/14.3.1/../../../../arm-none-eabi/lib/thumb/v8-m.main+fp/hard/libc_nano.a(libc_a-impure.o)
 .ARM.attributes
                0x000002e1       0x38 /home/alhussein/st/stm32cubeclt_1.21.0/GNU-tools-for-STM32/bin/../lib/gcc/arm-none-eabi/14.3.1/../../../../arm-none-eabi/lib/thumb/v8-m.main+fp/hard/libc_nano.a(libc_a-errno.o)
 .ARM.attributes
                0x00000319       0x38 /home/alhussein/st/stm32cubeclt_1.21.0/GNU-tools-for-STM32/bin/../lib/gcc/arm-none-eabi/14.3.1/../../../../arm-none-eabi/lib/thumb/v8-m.main+fp/hard/libc_nano.a(libc_a-init.o)
 .ARM.attributes
                0x00000351       0x26 /home/alhussein/st/stm32cubeclt_1.21.0/GNU-tools-for-STM32/bin/../lib/gcc/arm-none-eabi/14.3.1/thumb/v8-m.main+fp/hard/crtn.o
OUTPUT(network.elf elf32-littlearm)
LOAD linker stubs
LOAD /home/alhussein/st/stm32cubeclt_1.21.0/GNU-tools-for-STM32/bin/../lib/gcc/arm-none-eabi/14.3.1/../../../../arm-none-eabi/lib/thumb/v8-m.main+fp/hard/libc.a
LOAD /home/alhussein/st/stm32cubeclt_1.21.0/GNU-tools-for-STM32/bin/../lib/gcc/arm-none-eabi/14.3.1/../../../../arm-none-eabi/lib/thumb/v8-m.main+fp/hard/libm.a
LOAD /home/alhussein/st/stm32cubeclt_1.21.0/GNU-tools-for-STM32/bin/../lib/gcc/arm-none-eabi/14.3.1/thumb/v8-m.main+fp/hard/libgcc.a

.debug_info     0x00000000     0x29f7
 .debug_info    0x00000000     0x23df network.o
 .debug_info    0x000023df       0xcd network_data.o
 .debug_info    0x000024ac       0x32 startup_stm32xx.o
 .debug_info    0x000024de      0x519 stedgeai_app_main.o

.debug_abbrev   0x00000000      0x634
 .debug_abbrev  0x00000000      0x3f3 network.o
 .debug_abbrev  0x000003f3       0x76 network_data.o
 .debug_abbrev  0x00000469       0x24 startup_stm32xx.o
 .debug_abbrev  0x0000048d      0x1a7 stedgeai_app_main.o

.debug_loc      0x00000000     0x14a3
 .debug_loc     0x00000000     0x14a3 network.o

.debug_aranges  0x00000000      0x128
 .debug_aranges
                0x00000000       0xa8 network.o
 .debug_aranges
                0x000000a8       0x18 network_data.o
 .debug_aranges
                0x000000c0       0x28 startup_stm32xx.o
 .debug_aranges
                0x000000e8       0x40 stedgeai_app_main.o

.debug_ranges   0x00000000      0x150
 .debug_ranges  0x00000000      0x100 network.o
 .debug_ranges  0x00000100       0x20 startup_stm32xx.o
 .debug_ranges  0x00000120       0x30 stedgeai_app_main.o

.debug_macro    0x00000000     0x40db
 .debug_macro   0x00000000      0x66b network.o
 .debug_macro   0x0000066b      0xacc network.o
 .debug_macro   0x00001137       0x22 network.o
 .debug_macro   0x00001159       0x8e network.o
 .debug_macro   0x000011e7       0x51 network.o
 .debug_macro   0x00001238      0x103 network.o
 .debug_macro   0x0000133b       0x6a network.o
 .debug_macro   0x000013a5      0x1df network.o
 .debug_macro   0x00001584      0x190 network.o
 .debug_macro   0x00001714       0x74 network.o
 .debug_macro   0x00001788       0x2a network.o
 .debug_macro   0x000017b2       0x3c network.o
 .debug_macro   0x000017ee       0x3a network.o
 .debug_macro   0x00001828       0x3c network.o
 .debug_macro   0x00001864      0x4cc network.o
 .debug_macro   0x00001d30       0x46 network.o
 .debug_macro   0x00001d76       0x22 network.o
 .debug_macro   0x00001d98      0x342 network.o
 .debug_macro   0x000020da       0x16 network.o
 .debug_macro   0x000020f0      0x364 network.o
 .debug_macro   0x00002454       0x16 network.o
 .debug_macro   0x0000246a       0x4a network.o
 .debug_macro   0x000024b4       0x34 network.o
 .debug_macro   0x000024e8       0x10 network.o
 .debug_macro   0x000024f8       0x58 network.o
 .debug_macro   0x00002550      0x1de network.o
 .debug_macro   0x0000272e       0x10 network.o
 .debug_macro   0x0000273e       0x20 network.o
 .debug_macro   0x0000275e       0x22 network.o
 .debug_macro   0x00002780       0x10 network.o
 .debug_macro   0x00002790       0xc0 network.o
 .debug_macro   0x00002850      0x229 network.o
 .debug_macro   0x00002a79       0x2e network.o
 .debug_macro   0x00002aa7       0xcf network.o
 .debug_macro   0x00002b76      0x1ed network.o
 .debug_macro   0x00002d63       0x16 network.o
 .debug_macro   0x00002d79       0x2e network.o
 .debug_macro   0x00002da7       0xdc network.o
 .debug_macro   0x00002e83       0x4d network.o
 .debug_macro   0x00002ed0       0x25 network.o
 .debug_macro   0x00002ef5       0x6d network.o
 .debug_macro   0x00002f62       0x16 network.o
 .debug_macro   0x00002f78       0x7c network.o
 .debug_macro   0x00002ff4       0x22 network.o
 .debug_macro   0x00003016       0x10 network.o
 .debug_macro   0x00003026       0x10 network.o
 .debug_macro   0x00003036       0x11 network.o
 .debug_macro   0x00003047       0x2e network.o
 .debug_macro   0x00003075       0x2e network.o
 .debug_macro   0x000030a3      0x19b network.o
 .debug_macro   0x0000323e       0x7c network.o
 .debug_macro   0x000032ba       0x17 network.o
 .debug_macro   0x000032d1      0x118 network.o
 .debug_macro   0x000033e9      0x202 network.o
 .debug_macro   0x000035eb       0x3a network.o
 .debug_macro   0x00003625       0x16 network.o
 .debug_macro   0x0000363b      0x1be network.o
 .debug_macro   0x000037f9       0x16 network.o
 .debug_macro   0x0000380f       0x10 network.o
 .debug_macro   0x0000381f       0x93 network_data.o
 .debug_macro   0x000038b2       0x28 network_data.o
 .debug_macro   0x000038da       0xab network_data.o
 .debug_macro   0x00003985      0x1dc stedgeai_app_main.o
 .debug_macro   0x00003b61       0x6e stedgeai_app_main.o
 .debug_macro   0x00003bcf       0x94 stedgeai_app_main.o
 .debug_macro   0x00003c63       0x34 stedgeai_app_main.o
 .debug_macro   0x00003c97       0x16 stedgeai_app_main.o
 .debug_macro   0x00003cad       0x57 stedgeai_app_main.o
 .debug_macro   0x00003d04       0x9e stedgeai_app_main.o
 .debug_macro   0x00003da2      0x112 stedgeai_app_main.o
 .debug_macro   0x00003eb4       0x10 stedgeai_app_main.o
 .debug_macro   0x00003ec4       0x16 stedgeai_app_main.o
 .debug_macro   0x00003eda       0x16 stedgeai_app_main.o
 .debug_macro   0x00003ef0      0x170 stedgeai_app_main.o
 .debug_macro   0x00004060       0x16 stedgeai_app_main.o
 .debug_macro   0x00004076       0x16 stedgeai_app_main.o
 .debug_macro   0x0000408c       0x29 stedgeai_app_main.o
 .debug_macro   0x000040b5       0x16 stedgeai_app_main.o
 .debug_macro   0x000040cb       0x10 stedgeai_app_main.o

.debug_line     0x00000000     0x2073
 .debug_line    0x00000000     0x185e network.o
 .debug_line    0x0000185e      0x2af network_data.o
 .debug_line    0x00001b0d       0xc2 startup_stm32xx.o
 .debug_line    0x00001bcf      0x4a4 stedgeai_app_main.o

.debug_str      0x00000000    0x15a78
 .debug_str     0x00000000    0x15a78 network.o
                              0x1561b (size before relaxing)
 .debug_str     0x00015a78     0x46d7 network_data.o
 .debug_str     0x00015a78       0xcc startup_stm32xx.o
 .debug_str     0x00015a78     0x89d2 stedgeai_app_main.o

.comment        0x00000000       0x86
 .comment       0x00000000       0x86 network.o
                                 0x44 (size before relaxing)
 .comment       0x00000086       0x44 network_data.o
 .comment       0x00000086       0x44 stedgeai_app_main.o
 .comment       0x00000086       0x44 /home/alhussein/st/STEdgeAI/4.0/Middlewares/ST/AI/Lib/GCC/ARMCortexM33/NetworkRuntime1201_CM33_GCC.a(layers_pool_generic_float.o)
 .comment       0x00000086       0x44 /home/alhussein/st/STEdgeAI/4.0/Middlewares/ST/AI/Lib/GCC/ARMCortexM33/NetworkRuntime1201_CM33_GCC.a(forward_lite_conv2d_if32of32wf32.o)
 .comment       0x00000086       0x44 /home/alhussein/st/STEdgeAI/4.0/Middlewares/ST/AI/Lib/GCC/ARMCortexM33/NetworkRuntime1201_CM33_GCC.a(lite_dense_if32.o)
 .comment       0x00000086       0x44 /home/alhussein/st/STEdgeAI/4.0/Middlewares/ST/AI/Lib/GCC/ARMCortexM33/NetworkRuntime1201_CM33_GCC.a(lite_nl_generic_float.o)
 .comment       0x00000086       0x44 /home/alhussein/st/STEdgeAI/4.0/Middlewares/ST/AI/Lib/GCC/ARMCortexM33/NetworkRuntime1201_CM33_GCC.a(st_int8_fill.o)
 .comment       0x00000086       0x44 /home/alhussein/st/STEdgeAI/4.0/Middlewares/ST/AI/Lib/GCC/ARMCortexM33/NetworkRuntime1201_CM33_GCC.a(lite_nl_softmax_if32of32.o)

.debug_frame    0x00000000      0x3f4
 .debug_frame   0x00000000      0x1ec network.o
 .debug_frame   0x000001ec       0x78 stedgeai_app_main.o
 .debug_frame   0x00000264      0x144 /home/alhussein/st/stm32cubeclt_1.21.0/GNU-tools-for-STM32/bin/../lib/gcc/arm-none-eabi/14.3.1/../../../../arm-none-eabi/lib/thumb/v8-m.main+fp/hard/libc_nano.a(libc_a-findfp.o)
 .debug_frame   0x000003a8       0x20 /home/alhussein/st/stm32cubeclt_1.21.0/GNU-tools-for-STM32/bin/../lib/gcc/arm-none-eabi/14.3.1/../../../../arm-none-eabi/lib/thumb/v8-m.main+fp/hard/libc_nano.a(libc_a-errno.o)
 .debug_frame   0x000003c8       0x2c /home/alhussein/st/stm32cubeclt_1.21.0/GNU-tools-for-STM32/bin/../lib/gcc/arm-none-eabi/14.3.1/../../../../arm-none-eabi/lib/thumb/v8-m.main+fp/hard/libc_nano.a(libc_a-init.o)

Cross Reference Table

Symbol                                            File
BusFault_Handler                                  startup_stm32xx.o
DebugMon_Handler                                  startup_stm32xx.o
Default_Handler                                   startup_stm32xx.o
HSP_ACC_CnnConv2d1_s8                             stedgeai_hsp_stubs.o
HSP_ACC_CnnConv2d2_s8                             stedgeai_hsp_stubs.o
HSP_ACC_CnnConv2d3_s8                             stedgeai_hsp_stubs.o
HSP_ACC_CnnConvDepthwise1_s8                      stedgeai_hsp_stubs.o
HSP_ACC_CnnConvDepthwise2_s8                      stedgeai_hsp_stubs.o
HSP_ACC_CnnConvDepthwise3_s8                      stedgeai_hsp_stubs.o
HSP_ACC_CnnConvPointwise1_s8                      stedgeai_hsp_stubs.o
HSP_ACC_CnnConvPointwise2_s8                      stedgeai_hsp_stubs.o
HSP_ACC_CnnConvPointwise3_s8                      stedgeai_hsp_stubs.o
HSP_ACC_CnnFullyConnected0_s8                     stedgeai_hsp_stubs.o
HSP_ACC_CnnFullyConnected1_s8                     stedgeai_hsp_stubs.o
HSP_ACC_CnnPool0_s8                               stedgeai_hsp_stubs.o
HSP_ACC_CnnPool1_s8                               stedgeai_hsp_stubs.o
HardFault_Handler                                 startup_stm32xx.o
MemManage_Handler                                 startup_stm32xx.o
NMI_Handler                                       startup_stm32xx.o
PendSV_Handler                                    startup_stm32xx.o
Reset_Handler                                     startup_stm32xx.o
SVC_Handler                                       startup_stm32xx.o
SysTick_Handler                                   startup_stm32xx.o
SystemInit                                        stedgeai_app_main.o
                                                  startup_stm32xx.o
UsageFault_Handler                                startup_stm32xx.o
_Min_Stack_Size                                   sysmem.o
__adddf3                                          /home/alhussein/st/stm32cubeclt_1.21.0/GNU-tools-for-STM32/bin/../lib/gcc/arm-none-eabi/14.3.1/thumb/v8-m.main+fp/hard/libgcc.a(_arm_addsubdf3.o)
__aeabi_cdcmpeq                                   /home/alhussein/st/stm32cubeclt_1.21.0/GNU-tools-for-STM32/bin/../lib/gcc/arm-none-eabi/14.3.1/thumb/v8-m.main+fp/hard/libgcc.a(_arm_cmpdf2.o)
__aeabi_cdcmple                                   /home/alhussein/st/stm32cubeclt_1.21.0/GNU-tools-for-STM32/bin/../lib/gcc/arm-none-eabi/14.3.1/thumb/v8-m.main+fp/hard/libgcc.a(_arm_cmpdf2.o)
__aeabi_cdrcmple                                  /home/alhussein/st/stm32cubeclt_1.21.0/GNU-tools-for-STM32/bin/../lib/gcc/arm-none-eabi/14.3.1/thumb/v8-m.main+fp/hard/libgcc.a(_arm_cmpdf2.o)
__aeabi_d2f                                       /home/alhussein/st/stm32cubeclt_1.21.0/GNU-tools-for-STM32/bin/../lib/gcc/arm-none-eabi/14.3.1/thumb/v8-m.main+fp/hard/libgcc.a(_arm_truncdfsf2.o)
                                                  /home/alhussein/st/stm32cubeclt_1.21.0/GNU-tools-for-STM32/bin/../lib/gcc/arm-none-eabi/14.3.1/../../../../arm-none-eabi/lib/thumb/v8-m.main+fp/hard/libm.a(libm_a-sf_erf.o)
__aeabi_d2uiz                                     /home/alhussein/st/stm32cubeclt_1.21.0/GNU-tools-for-STM32/bin/../lib/gcc/arm-none-eabi/14.3.1/thumb/v8-m.main+fp/hard/libgcc.a(_arm_fixunsdfsi.o)
                                                  /home/alhussein/st/stm32cubeclt_1.21.0/GNU-tools-for-STM32/bin/../lib/gcc/arm-none-eabi/14.3.1/thumb/v8-m.main+fp/hard/libgcc.a(_fixunssfdi.o)
__aeabi_dadd                                      /home/alhussein/st/stm32cubeclt_1.21.0/GNU-tools-for-STM32/bin/../lib/gcc/arm-none-eabi/14.3.1/thumb/v8-m.main+fp/hard/libgcc.a(_arm_addsubdf3.o)
__aeabi_dcmpeq                                    /home/alhussein/st/stm32cubeclt_1.21.0/GNU-tools-for-STM32/bin/../lib/gcc/arm-none-eabi/14.3.1/thumb/v8-m.main+fp/hard/libgcc.a(_arm_cmpdf2.o)
                                                  /home/alhussein/st/stm32cubeclt_1.21.0/GNU-tools-for-STM32/bin/../lib/gcc/arm-none-eabi/14.3.1/../../../../arm-none-eabi/lib/thumb/v8-m.main+fp/hard/libm.a(libm_a-math_err.o)
__aeabi_dcmpge                                    /home/alhussein/st/stm32cubeclt_1.21.0/GNU-tools-for-STM32/bin/../lib/gcc/arm-none-eabi/14.3.1/thumb/v8-m.main+fp/hard/libgcc.a(_arm_cmpdf2.o)
__aeabi_dcmpgt                                    /home/alhussein/st/stm32cubeclt_1.21.0/GNU-tools-for-STM32/bin/../lib/gcc/arm-none-eabi/14.3.1/thumb/v8-m.main+fp/hard/libgcc.a(_arm_cmpdf2.o)
__aeabi_dcmple                                    /home/alhussein/st/stm32cubeclt_1.21.0/GNU-tools-for-STM32/bin/../lib/gcc/arm-none-eabi/14.3.1/thumb/v8-m.main+fp/hard/libgcc.a(_arm_cmpdf2.o)
                                                  /home/alhussein/st/stm32cubeclt_1.21.0/GNU-tools-for-STM32/bin/../lib/gcc/arm-none-eabi/14.3.1/../../../../arm-none-eabi/lib/thumb/v8-m.main+fp/hard/libm.a(libm_a-math_err.o)
__aeabi_dcmplt                                    /home/alhussein/st/stm32cubeclt_1.21.0/GNU-tools-for-STM32/bin/../lib/gcc/arm-none-eabi/14.3.1/thumb/v8-m.main+fp/hard/libgcc.a(_arm_cmpdf2.o)
__aeabi_dcmpun                                    /home/alhussein/st/stm32cubeclt_1.21.0/GNU-tools-for-STM32/bin/../lib/gcc/arm-none-eabi/14.3.1/thumb/v8-m.main+fp/hard/libgcc.a(_arm_unorddf2.o)
                                                  /home/alhussein/st/stm32cubeclt_1.21.0/GNU-tools-for-STM32/bin/../lib/gcc/arm-none-eabi/14.3.1/../../../../arm-none-eabi/lib/thumb/v8-m.main+fp/hard/libm.a(libm_a-math_err.o)
__aeabi_ddiv                                      /home/alhussein/st/stm32cubeclt_1.21.0/GNU-tools-for-STM32/bin/../lib/gcc/arm-none-eabi/14.3.1/thumb/v8-m.main+fp/hard/libgcc.a(_arm_muldivdf3.o)
                                                  /home/alhussein/st/stm32cubeclt_1.21.0/GNU-tools-for-STM32/bin/../lib/gcc/arm-none-eabi/14.3.1/../../../../arm-none-eabi/lib/thumb/v8-m.main+fp/hard/libm.a(libm_a-math_err.o)
__aeabi_dmul                                      /home/alhussein/st/stm32cubeclt_1.21.0/GNU-tools-for-STM32/bin/../lib/gcc/arm-none-eabi/14.3.1/thumb/v8-m.main+fp/hard/libgcc.a(_arm_muldivdf3.o)
                                                  /home/alhussein/st/stm32cubeclt_1.21.0/GNU-tools-for-STM32/bin/../lib/gcc/arm-none-eabi/14.3.1/thumb/v8-m.main+fp/hard/libgcc.a(_arm_muldf3.o)
                                                  /home/alhussein/st/stm32cubeclt_1.21.0/GNU-tools-for-STM32/bin/../lib/gcc/arm-none-eabi/14.3.1/../../../../arm-none-eabi/lib/thumb/v8-m.main+fp/hard/libm.a(libm_a-math_err.o)
                                                  /home/alhussein/st/stm32cubeclt_1.21.0/GNU-tools-for-STM32/bin/../lib/gcc/arm-none-eabi/14.3.1/thumb/v8-m.main+fp/hard/libgcc.a(_fixunssfdi.o)
__aeabi_drsub                                     /home/alhussein/st/stm32cubeclt_1.21.0/GNU-tools-for-STM32/bin/../lib/gcc/arm-none-eabi/14.3.1/thumb/v8-m.main+fp/hard/libgcc.a(_arm_addsubdf3.o)
__aeabi_dsub                                      /home/alhussein/st/stm32cubeclt_1.21.0/GNU-tools-for-STM32/bin/../lib/gcc/arm-none-eabi/14.3.1/thumb/v8-m.main+fp/hard/libgcc.a(_arm_addsubdf3.o)
                                                  /home/alhussein/st/stm32cubeclt_1.21.0/GNU-tools-for-STM32/bin/../lib/gcc/arm-none-eabi/14.3.1/../../../../arm-none-eabi/lib/thumb/v8-m.main+fp/hard/libm.a(libm_a-math_err.o)
                                                  /home/alhussein/st/stm32cubeclt_1.21.0/GNU-tools-for-STM32/bin/../lib/gcc/arm-none-eabi/14.3.1/thumb/v8-m.main+fp/hard/libgcc.a(_fixunssfdi.o)
__aeabi_f2d                                       /home/alhussein/st/stm32cubeclt_1.21.0/GNU-tools-for-STM32/bin/../lib/gcc/arm-none-eabi/14.3.1/thumb/v8-m.main+fp/hard/libgcc.a(_arm_addsubdf3.o)
                                                  /home/alhussein/st/stm32cubeclt_1.21.0/GNU-tools-for-STM32/bin/../lib/gcc/arm-none-eabi/14.3.1/thumb/v8-m.main+fp/hard/libgcc.a(_fixunssfdi.o)
__aeabi_f2lz                                      /home/alhussein/st/stm32cubeclt_1.21.0/GNU-tools-for-STM32/bin/../lib/gcc/arm-none-eabi/14.3.1/thumb/v8-m.main+fp/hard/libgcc.a(_fixsfdi.o)
                                                  /home/alhussein/st/STEdgeAI/4.0/Middlewares/ST/AI/Lib/GCC/ARMCortexM33/NetworkRuntime1201_CM33_GCC.a(st_align_factor.o)
__aeabi_f2ulz                                     /home/alhussein/st/stm32cubeclt_1.21.0/GNU-tools-for-STM32/bin/../lib/gcc/arm-none-eabi/14.3.1/thumb/v8-m.main+fp/hard/libgcc.a(_fixunssfdi.o)
                                                  /home/alhussein/st/stm32cubeclt_1.21.0/GNU-tools-for-STM32/bin/../lib/gcc/arm-none-eabi/14.3.1/thumb/v8-m.main+fp/hard/libgcc.a(_fixsfdi.o)
__aeabi_i2d                                       /home/alhussein/st/stm32cubeclt_1.21.0/GNU-tools-for-STM32/bin/../lib/gcc/arm-none-eabi/14.3.1/thumb/v8-m.main+fp/hard/libgcc.a(_arm_addsubdf3.o)
__aeabi_l2d                                       /home/alhussein/st/stm32cubeclt_1.21.0/GNU-tools-for-STM32/bin/../lib/gcc/arm-none-eabi/14.3.1/thumb/v8-m.main+fp/hard/libgcc.a(_arm_addsubdf3.o)
__aeabi_ui2d                                      /home/alhussein/st/stm32cubeclt_1.21.0/GNU-tools-for-STM32/bin/../lib/gcc/arm-none-eabi/14.3.1/thumb/v8-m.main+fp/hard/libgcc.a(_arm_addsubdf3.o)
                                                  /home/alhussein/st/stm32cubeclt_1.21.0/GNU-tools-for-STM32/bin/../lib/gcc/arm-none-eabi/14.3.1/thumb/v8-m.main+fp/hard/libgcc.a(_fixunssfdi.o)
__aeabi_ul2d                                      /home/alhussein/st/stm32cubeclt_1.21.0/GNU-tools-for-STM32/bin/../lib/gcc/arm-none-eabi/14.3.1/thumb/v8-m.main+fp/hard/libgcc.a(_arm_addsubdf3.o)
__bss_end__                                       /home/alhussein/st/stm32cubeclt_1.21.0/GNU-tools-for-STM32/bin/../lib/gcc/arm-none-eabi/14.3.1/../../../../arm-none-eabi/lib/thumb/v8-m.main+fp/hard/crt0.o
__bss_start__                                     /home/alhussein/st/stm32cubeclt_1.21.0/GNU-tools-for-STM32/bin/../lib/gcc/arm-none-eabi/14.3.1/../../../../arm-none-eabi/lib/thumb/v8-m.main+fp/hard/crt0.o
__call_exitprocs                                  /home/alhussein/st/stm32cubeclt_1.21.0/GNU-tools-for-STM32/bin/../lib/gcc/arm-none-eabi/14.3.1/../../../../arm-none-eabi/lib/thumb/v8-m.main+fp/hard/libc_nano.a(libc_a-exit.o)
__cmpdf2                                          /home/alhussein/st/stm32cubeclt_1.21.0/GNU-tools-for-STM32/bin/../lib/gcc/arm-none-eabi/14.3.1/thumb/v8-m.main+fp/hard/libgcc.a(_arm_cmpdf2.o)
__deregister_frame_info                           /home/alhussein/st/stm32cubeclt_1.21.0/GNU-tools-for-STM32/bin/../lib/gcc/arm-none-eabi/14.3.1/thumb/v8-m.main+fp/hard/crtbegin.o
__divdf3                                          /home/alhussein/st/stm32cubeclt_1.21.0/GNU-tools-for-STM32/bin/../lib/gcc/arm-none-eabi/14.3.1/thumb/v8-m.main+fp/hard/libgcc.a(_arm_muldivdf3.o)
__dso_handle                                      /home/alhussein/st/stm32cubeclt_1.21.0/GNU-tools-for-STM32/bin/../lib/gcc/arm-none-eabi/14.3.1/thumb/v8-m.main+fp/hard/crtbegin.o
__env                                             syscalls.o
__eqdf2                                           /home/alhussein/st/stm32cubeclt_1.21.0/GNU-tools-for-STM32/bin/../lib/gcc/arm-none-eabi/14.3.1/thumb/v8-m.main+fp/hard/libgcc.a(_arm_cmpdf2.o)
__errno                                           /home/alhussein/st/stm32cubeclt_1.21.0/GNU-tools-for-STM32/bin/../lib/gcc/arm-none-eabi/14.3.1/../../../../arm-none-eabi/lib/thumb/v8-m.main+fp/hard/libc_nano.a(libc_a-errno.o)
                                                  /home/alhussein/st/stm32cubeclt_1.21.0/GNU-tools-for-STM32/bin/../lib/gcc/arm-none-eabi/14.3.1/../../../../arm-none-eabi/lib/thumb/v8-m.main+fp/hard/libm.a(libm_a-math_errf.o)
                                                  /home/alhussein/st/stm32cubeclt_1.21.0/GNU-tools-for-STM32/bin/../lib/gcc/arm-none-eabi/14.3.1/../../../../arm-none-eabi/lib/thumb/v8-m.main+fp/hard/libm.a(libm_a-math_err.o)
                                                  /home/alhussein/st/stm32cubeclt_1.21.0/GNU-tools-for-STM32/bin/../lib/gcc/arm-none-eabi/14.3.1/../../../../arm-none-eabi/lib/thumb/v8-m.main+fp/hard/libm.a(libm_a-wf_sinh.o)
                                                  /home/alhussein/st/stm32cubeclt_1.21.0/GNU-tools-for-STM32/bin/../lib/gcc/arm-none-eabi/14.3.1/../../../../arm-none-eabi/lib/thumb/v8-m.main+fp/hard/libm.a(libm_a-wf_pow.o)
                                                  /home/alhussein/st/stm32cubeclt_1.21.0/GNU-tools-for-STM32/bin/../lib/gcc/arm-none-eabi/14.3.1/../../../../arm-none-eabi/lib/thumb/v8-m.main+fp/hard/libm.a(libm_a-wf_log.o)
                                                  /home/alhussein/st/stm32cubeclt_1.21.0/GNU-tools-for-STM32/bin/../lib/gcc/arm-none-eabi/14.3.1/../../../../arm-none-eabi/lib/thumb/v8-m.main+fp/hard/libm.a(libm_a-wf_fmod.o)
                                                  /home/alhussein/st/stm32cubeclt_1.21.0/GNU-tools-for-STM32/bin/../lib/gcc/arm-none-eabi/14.3.1/../../../../arm-none-eabi/lib/thumb/v8-m.main+fp/hard/libm.a(libm_a-wf_exp.o)
                                                  /home/alhussein/st/stm32cubeclt_1.21.0/GNU-tools-for-STM32/bin/../lib/gcc/arm-none-eabi/14.3.1/../../../../arm-none-eabi/lib/thumb/v8-m.main+fp/hard/libm.a(libm_a-wf_cosh.o)
                                                  /home/alhussein/st/stm32cubeclt_1.21.0/GNU-tools-for-STM32/bin/../lib/gcc/arm-none-eabi/14.3.1/../../../../arm-none-eabi/lib/thumb/v8-m.main+fp/hard/libm.a(libm_a-wf_atanh.o)
                                                  /home/alhussein/st/stm32cubeclt_1.21.0/GNU-tools-for-STM32/bin/../lib/gcc/arm-none-eabi/14.3.1/../../../../arm-none-eabi/lib/thumb/v8-m.main+fp/hard/libm.a(libm_a-wf_asin.o)
                                                  /home/alhussein/st/stm32cubeclt_1.21.0/GNU-tools-for-STM32/bin/../lib/gcc/arm-none-eabi/14.3.1/../../../../arm-none-eabi/lib/thumb/v8-m.main+fp/hard/libm.a(libm_a-wf_acosh.o)
                                                  /home/alhussein/st/stm32cubeclt_1.21.0/GNU-tools-for-STM32/bin/../lib/gcc/arm-none-eabi/14.3.1/../../../../arm-none-eabi/lib/thumb/v8-m.main+fp/hard/libm.a(libm_a-wf_acos.o)
                                                  sysmem.o
                                                  syscalls.o
__extendsfdf2                                     /home/alhussein/st/stm32cubeclt_1.21.0/GNU-tools-for-STM32/bin/../lib/gcc/arm-none-eabi/14.3.1/thumb/v8-m.main+fp/hard/libgcc.a(_arm_addsubdf3.o)
__fixsfdi                                         /home/alhussein/st/stm32cubeclt_1.21.0/GNU-tools-for-STM32/bin/../lib/gcc/arm-none-eabi/14.3.1/thumb/v8-m.main+fp/hard/libgcc.a(_fixsfdi.o)
__fixunsdfsi                                      /home/alhussein/st/stm32cubeclt_1.21.0/GNU-tools-for-STM32/bin/../lib/gcc/arm-none-eabi/14.3.1/thumb/v8-m.main+fp/hard/libgcc.a(_arm_fixunsdfsi.o)
__fixunssfdi                                      /home/alhussein/st/stm32cubeclt_1.21.0/GNU-tools-for-STM32/bin/../lib/gcc/arm-none-eabi/14.3.1/thumb/v8-m.main+fp/hard/libgcc.a(_fixunssfdi.o)
__floatdidf                                       /home/alhussein/st/stm32cubeclt_1.21.0/GNU-tools-for-STM32/bin/../lib/gcc/arm-none-eabi/14.3.1/thumb/v8-m.main+fp/hard/libgcc.a(_arm_addsubdf3.o)
__floatsidf                                       /home/alhussein/st/stm32cubeclt_1.21.0/GNU-tools-for-STM32/bin/../lib/gcc/arm-none-eabi/14.3.1/thumb/v8-m.main+fp/hard/libgcc.a(_arm_addsubdf3.o)
__floatundidf                                     /home/alhussein/st/stm32cubeclt_1.21.0/GNU-tools-for-STM32/bin/../lib/gcc/arm-none-eabi/14.3.1/thumb/v8-m.main+fp/hard/libgcc.a(_arm_addsubdf3.o)
__floatunsidf                                     /home/alhussein/st/stm32cubeclt_1.21.0/GNU-tools-for-STM32/bin/../lib/gcc/arm-none-eabi/14.3.1/thumb/v8-m.main+fp/hard/libgcc.a(_arm_addsubdf3.o)
__fp_lock_all                                     /home/alhussein/st/stm32cubeclt_1.21.0/GNU-tools-for-STM32/bin/../lib/gcc/arm-none-eabi/14.3.1/../../../../arm-none-eabi/lib/thumb/v8-m.main+fp/hard/libc_nano.a(libc_a-findfp.o)
__fp_unlock_all                                   /home/alhussein/st/stm32cubeclt_1.21.0/GNU-tools-for-STM32/bin/../lib/gcc/arm-none-eabi/14.3.1/../../../../arm-none-eabi/lib/thumb/v8-m.main+fp/hard/libc_nano.a(libc_a-findfp.o)
__gedf2                                           /home/alhussein/st/stm32cubeclt_1.21.0/GNU-tools-for-STM32/bin/../lib/gcc/arm-none-eabi/14.3.1/thumb/v8-m.main+fp/hard/libgcc.a(_arm_cmpdf2.o)
__gtdf2                                           /home/alhussein/st/stm32cubeclt_1.21.0/GNU-tools-for-STM32/bin/../lib/gcc/arm-none-eabi/14.3.1/thumb/v8-m.main+fp/hard/libgcc.a(_arm_cmpdf2.o)
__ieee754_acosf                                   /home/alhussein/st/stm32cubeclt_1.21.0/GNU-tools-for-STM32/bin/../lib/gcc/arm-none-eabi/14.3.1/../../../../arm-none-eabi/lib/thumb/v8-m.main+fp/hard/libm.a(libm_a-ef_acos.o)
                                                  /home/alhussein/st/stm32cubeclt_1.21.0/GNU-tools-for-STM32/bin/../lib/gcc/arm-none-eabi/14.3.1/../../../../arm-none-eabi/lib/thumb/v8-m.main+fp/hard/libm.a(libm_a-wf_acos.o)
__ieee754_acoshf                                  /home/alhussein/st/stm32cubeclt_1.21.0/GNU-tools-for-STM32/bin/../lib/gcc/arm-none-eabi/14.3.1/../../../../arm-none-eabi/lib/thumb/v8-m.main+fp/hard/libm.a(libm_a-ef_acosh.o)
                                                  /home/alhussein/st/stm32cubeclt_1.21.0/GNU-tools-for-STM32/bin/../lib/gcc/arm-none-eabi/14.3.1/../../../../arm-none-eabi/lib/thumb/v8-m.main+fp/hard/libm.a(libm_a-wf_acosh.o)
__ieee754_asinf                                   /home/alhussein/st/stm32cubeclt_1.21.0/GNU-tools-for-STM32/bin/../lib/gcc/arm-none-eabi/14.3.1/../../../../arm-none-eabi/lib/thumb/v8-m.main+fp/hard/libm.a(libm_a-ef_asin.o)
                                                  /home/alhussein/st/stm32cubeclt_1.21.0/GNU-tools-for-STM32/bin/../lib/gcc/arm-none-eabi/14.3.1/../../../../arm-none-eabi/lib/thumb/v8-m.main+fp/hard/libm.a(libm_a-wf_asin.o)
__ieee754_atanhf                                  /home/alhussein/st/stm32cubeclt_1.21.0/GNU-tools-for-STM32/bin/../lib/gcc/arm-none-eabi/14.3.1/../../../../arm-none-eabi/lib/thumb/v8-m.main+fp/hard/libm.a(libm_a-ef_atanh.o)
                                                  /home/alhussein/st/stm32cubeclt_1.21.0/GNU-tools-for-STM32/bin/../lib/gcc/arm-none-eabi/14.3.1/../../../../arm-none-eabi/lib/thumb/v8-m.main+fp/hard/libm.a(libm_a-wf_atanh.o)
__ieee754_coshf                                   /home/alhussein/st/stm32cubeclt_1.21.0/GNU-tools-for-STM32/bin/../lib/gcc/arm-none-eabi/14.3.1/../../../../arm-none-eabi/lib/thumb/v8-m.main+fp/hard/libm.a(libm_a-ef_cosh.o)
                                                  /home/alhussein/st/stm32cubeclt_1.21.0/GNU-tools-for-STM32/bin/../lib/gcc/arm-none-eabi/14.3.1/../../../../arm-none-eabi/lib/thumb/v8-m.main+fp/hard/libm.a(libm_a-wf_cosh.o)
__ieee754_expf                                    /home/alhussein/st/stm32cubeclt_1.21.0/GNU-tools-for-STM32/bin/../lib/gcc/arm-none-eabi/14.3.1/../../../../arm-none-eabi/lib/thumb/v8-m.main+fp/hard/libm.a(libm_a-ef_exp.o)
                                                  /home/alhussein/st/stm32cubeclt_1.21.0/GNU-tools-for-STM32/bin/../lib/gcc/arm-none-eabi/14.3.1/../../../../arm-none-eabi/lib/thumb/v8-m.main+fp/hard/libm.a(libm_a-ef_sinh.o)
                                                  /home/alhussein/st/stm32cubeclt_1.21.0/GNU-tools-for-STM32/bin/../lib/gcc/arm-none-eabi/14.3.1/../../../../arm-none-eabi/lib/thumb/v8-m.main+fp/hard/libm.a(libm_a-ef_cosh.o)
                                                  /home/alhussein/st/stm32cubeclt_1.21.0/GNU-tools-for-STM32/bin/../lib/gcc/arm-none-eabi/14.3.1/../../../../arm-none-eabi/lib/thumb/v8-m.main+fp/hard/libm.a(libm_a-sf_erf.o)
                                                  /home/alhussein/st/stm32cubeclt_1.21.0/GNU-tools-for-STM32/bin/../lib/gcc/arm-none-eabi/14.3.1/../../../../arm-none-eabi/lib/thumb/v8-m.main+fp/hard/libm.a(libm_a-wf_exp.o)
__ieee754_fmodf                                   /home/alhussein/st/stm32cubeclt_1.21.0/GNU-tools-for-STM32/bin/../lib/gcc/arm-none-eabi/14.3.1/../../../../arm-none-eabi/lib/thumb/v8-m.main+fp/hard/libm.a(libm_a-ef_fmod.o)
                                                  /home/alhussein/st/stm32cubeclt_1.21.0/GNU-tools-for-STM32/bin/../lib/gcc/arm-none-eabi/14.3.1/../../../../arm-none-eabi/lib/thumb/v8-m.main+fp/hard/libm.a(libm_a-wf_fmod.o)
__ieee754_logf                                    /home/alhussein/st/stm32cubeclt_1.21.0/GNU-tools-for-STM32/bin/../lib/gcc/arm-none-eabi/14.3.1/../../../../arm-none-eabi/lib/thumb/v8-m.main+fp/hard/libm.a(libm_a-ef_log.o)
                                                  /home/alhussein/st/stm32cubeclt_1.21.0/GNU-tools-for-STM32/bin/../lib/gcc/arm-none-eabi/14.3.1/../../../../arm-none-eabi/lib/thumb/v8-m.main+fp/hard/libm.a(libm_a-ef_acosh.o)
                                                  /home/alhussein/st/stm32cubeclt_1.21.0/GNU-tools-for-STM32/bin/../lib/gcc/arm-none-eabi/14.3.1/../../../../arm-none-eabi/lib/thumb/v8-m.main+fp/hard/libm.a(libm_a-sf_asinh.o)
                                                  /home/alhussein/st/stm32cubeclt_1.21.0/GNU-tools-for-STM32/bin/../lib/gcc/arm-none-eabi/14.3.1/../../../../arm-none-eabi/lib/thumb/v8-m.main+fp/hard/libm.a(libm_a-wf_log.o)
__ieee754_powf                                    /home/alhussein/st/stm32cubeclt_1.21.0/GNU-tools-for-STM32/bin/../lib/gcc/arm-none-eabi/14.3.1/../../../../arm-none-eabi/lib/thumb/v8-m.main+fp/hard/libm.a(libm_a-ef_pow.o)
                                                  /home/alhussein/st/stm32cubeclt_1.21.0/GNU-tools-for-STM32/bin/../lib/gcc/arm-none-eabi/14.3.1/../../../../arm-none-eabi/lib/thumb/v8-m.main+fp/hard/libm.a(libm_a-wf_pow.o)
__ieee754_rem_pio2f                               /home/alhussein/st/stm32cubeclt_1.21.0/GNU-tools-for-STM32/bin/../lib/gcc/arm-none-eabi/14.3.1/../../../../arm-none-eabi/lib/thumb/v8-m.main+fp/hard/libm.a(libm_a-ef_rem_pio2.o)
                                                  /home/alhussein/st/stm32cubeclt_1.21.0/GNU-tools-for-STM32/bin/../lib/gcc/arm-none-eabi/14.3.1/../../../../arm-none-eabi/lib/thumb/v8-m.main+fp/hard/libm.a(libm_a-sf_tan.o)
                                                  /home/alhussein/st/stm32cubeclt_1.21.0/GNU-tools-for-STM32/bin/../lib/gcc/arm-none-eabi/14.3.1/../../../../arm-none-eabi/lib/thumb/v8-m.main+fp/hard/libm.a(libm_a-sf_sin.o)
                                                  /home/alhussein/st/stm32cubeclt_1.21.0/GNU-tools-for-STM32/bin/../lib/gcc/arm-none-eabi/14.3.1/../../../../arm-none-eabi/lib/thumb/v8-m.main+fp/hard/libm.a(libm_a-sf_cos.o)
__ieee754_sinhf                                   /home/alhussein/st/stm32cubeclt_1.21.0/GNU-tools-for-STM32/bin/../lib/gcc/arm-none-eabi/14.3.1/../../../../arm-none-eabi/lib/thumb/v8-m.main+fp/hard/libm.a(libm_a-ef_sinh.o)
                                                  /home/alhussein/st/stm32cubeclt_1.21.0/GNU-tools-for-STM32/bin/../lib/gcc/arm-none-eabi/14.3.1/../../../../arm-none-eabi/lib/thumb/v8-m.main+fp/hard/libm.a(libm_a-wf_sinh.o)
__ieee754_sqrtf                                   /home/alhussein/st/stm32cubeclt_1.21.0/GNU-tools-for-STM32/bin/../lib/gcc/arm-none-eabi/14.3.1/../../../../arm-none-eabi/lib/thumb/v8-m.main+fp/hard/libm.a(libm_a-ef_sqrt.o)
                                                  /home/alhussein/st/stm32cubeclt_1.21.0/GNU-tools-for-STM32/bin/../lib/gcc/arm-none-eabi/14.3.1/../../../../arm-none-eabi/lib/thumb/v8-m.main+fp/hard/libm.a(libm_a-ef_pow.o)
                                                  /home/alhussein/st/stm32cubeclt_1.21.0/GNU-tools-for-STM32/bin/../lib/gcc/arm-none-eabi/14.3.1/../../../../arm-none-eabi/lib/thumb/v8-m.main+fp/hard/libm.a(libm_a-ef_asin.o)
                                                  /home/alhussein/st/stm32cubeclt_1.21.0/GNU-tools-for-STM32/bin/../lib/gcc/arm-none-eabi/14.3.1/../../../../arm-none-eabi/lib/thumb/v8-m.main+fp/hard/libm.a(libm_a-ef_acosh.o)
                                                  /home/alhussein/st/stm32cubeclt_1.21.0/GNU-tools-for-STM32/bin/../lib/gcc/arm-none-eabi/14.3.1/../../../../arm-none-eabi/lib/thumb/v8-m.main+fp/hard/libm.a(libm_a-ef_acos.o)
                                                  /home/alhussein/st/stm32cubeclt_1.21.0/GNU-tools-for-STM32/bin/../lib/gcc/arm-none-eabi/14.3.1/../../../../arm-none-eabi/lib/thumb/v8-m.main+fp/hard/libm.a(libm_a-sf_asinh.o)
__init_array_end                                  /home/alhussein/st/stm32cubeclt_1.21.0/GNU-tools-for-STM32/bin/../lib/gcc/arm-none-eabi/14.3.1/../../../../arm-none-eabi/lib/thumb/v8-m.main+fp/hard/libc_nano.a(libc_a-init.o)
__init_array_start                                /home/alhussein/st/stm32cubeclt_1.21.0/GNU-tools-for-STM32/bin/../lib/gcc/arm-none-eabi/14.3.1/../../../../arm-none-eabi/lib/thumb/v8-m.main+fp/hard/libc_nano.a(libc_a-init.o)
__io_getchar                                      syscalls.o
__io_putchar                                      syscalls.o
__kernel_cosf                                     /home/alhussein/st/stm32cubeclt_1.21.0/GNU-tools-for-STM32/bin/../lib/gcc/arm-none-eabi/14.3.1/../../../../arm-none-eabi/lib/thumb/v8-m.main+fp/hard/libm.a(libm_a-kf_cos.o)
                                                  /home/alhussein/st/stm32cubeclt_1.21.0/GNU-tools-for-STM32/bin/../lib/gcc/arm-none-eabi/14.3.1/../../../../arm-none-eabi/lib/thumb/v8-m.main+fp/hard/libm.a(libm_a-sf_sin.o)
                                                  /home/alhussein/st/stm32cubeclt_1.21.0/GNU-tools-for-STM32/bin/../lib/gcc/arm-none-eabi/14.3.1/../../../../arm-none-eabi/lib/thumb/v8-m.main+fp/hard/libm.a(libm_a-sf_cos.o)
__kernel_rem_pio2f                                /home/alhussein/st/stm32cubeclt_1.21.0/GNU-tools-for-STM32/bin/../lib/gcc/arm-none-eabi/14.3.1/../../../../arm-none-eabi/lib/thumb/v8-m.main+fp/hard/libm.a(libm_a-kf_rem_pio2.o)
                                                  /home/alhussein/st/stm32cubeclt_1.21.0/GNU-tools-for-STM32/bin/../lib/gcc/arm-none-eabi/14.3.1/../../../../arm-none-eabi/lib/thumb/v8-m.main+fp/hard/libm.a(libm_a-ef_rem_pio2.o)
__kernel_sinf                                     /home/alhussein/st/stm32cubeclt_1.21.0/GNU-tools-for-STM32/bin/../lib/gcc/arm-none-eabi/14.3.1/../../../../arm-none-eabi/lib/thumb/v8-m.main+fp/hard/libm.a(libm_a-kf_sin.o)
                                                  /home/alhussein/st/stm32cubeclt_1.21.0/GNU-tools-for-STM32/bin/../lib/gcc/arm-none-eabi/14.3.1/../../../../arm-none-eabi/lib/thumb/v8-m.main+fp/hard/libm.a(libm_a-sf_sin.o)
                                                  /home/alhussein/st/stm32cubeclt_1.21.0/GNU-tools-for-STM32/bin/../lib/gcc/arm-none-eabi/14.3.1/../../../../arm-none-eabi/lib/thumb/v8-m.main+fp/hard/libm.a(libm_a-sf_cos.o)
__kernel_tanf                                     /home/alhussein/st/stm32cubeclt_1.21.0/GNU-tools-for-STM32/bin/../lib/gcc/arm-none-eabi/14.3.1/../../../../arm-none-eabi/lib/thumb/v8-m.main+fp/hard/libm.a(libm_a-kf_tan.o)
                                                  /home/alhussein/st/stm32cubeclt_1.21.0/GNU-tools-for-STM32/bin/../lib/gcc/arm-none-eabi/14.3.1/../../../../arm-none-eabi/lib/thumb/v8-m.main+fp/hard/libm.a(libm_a-sf_tan.o)
__ledf2                                           /home/alhussein/st/stm32cubeclt_1.21.0/GNU-tools-for-STM32/bin/../lib/gcc/arm-none-eabi/14.3.1/thumb/v8-m.main+fp/hard/libgcc.a(_arm_cmpdf2.o)
__libc_fini_array                                 /home/alhussein/st/stm32cubeclt_1.21.0/GNU-tools-for-STM32/bin/../lib/gcc/arm-none-eabi/14.3.1/../../../../arm-none-eabi/lib/thumb/v8-m.main+fp/hard/crt0.o
__libc_init_array                                 /home/alhussein/st/stm32cubeclt_1.21.0/GNU-tools-for-STM32/bin/../lib/gcc/arm-none-eabi/14.3.1/../../../../arm-none-eabi/lib/thumb/v8-m.main+fp/hard/libc_nano.a(libc_a-init.o)
                                                  startup_stm32xx.o
                                                  /home/alhussein/st/stm32cubeclt_1.21.0/GNU-tools-for-STM32/bin/../lib/gcc/arm-none-eabi/14.3.1/../../../../arm-none-eabi/lib/thumb/v8-m.main+fp/hard/crt0.o
__lock___arc4random_mutex                         /home/alhussein/st/stm32cubeclt_1.21.0/GNU-tools-for-STM32/bin/../lib/gcc/arm-none-eabi/14.3.1/../../../../arm-none-eabi/lib/thumb/v8-m.main+fp/hard/libc_nano.a(libc_a-lock.o)
__lock___at_quick_exit_mutex                      /home/alhussein/st/stm32cubeclt_1.21.0/GNU-tools-for-STM32/bin/../lib/gcc/arm-none-eabi/14.3.1/../../../../arm-none-eabi/lib/thumb/v8-m.main+fp/hard/libc_nano.a(libc_a-lock.o)
__lock___atexit_recursive_mutex                   /home/alhussein/st/stm32cubeclt_1.21.0/GNU-tools-for-STM32/bin/../lib/gcc/arm-none-eabi/14.3.1/../../../../arm-none-eabi/lib/thumb/v8-m.main+fp/hard/libc_nano.a(libc_a-lock.o)
__lock___dd_hash_mutex                            /home/alhussein/st/stm32cubeclt_1.21.0/GNU-tools-for-STM32/bin/../lib/gcc/arm-none-eabi/14.3.1/../../../../arm-none-eabi/lib/thumb/v8-m.main+fp/hard/libc_nano.a(libc_a-lock.o)
__lock___env_recursive_mutex                      /home/alhussein/st/stm32cubeclt_1.21.0/GNU-tools-for-STM32/bin/../lib/gcc/arm-none-eabi/14.3.1/../../../../arm-none-eabi/lib/thumb/v8-m.main+fp/hard/libc_nano.a(libc_a-lock.o)
__lock___malloc_recursive_mutex                   /home/alhussein/st/stm32cubeclt_1.21.0/GNU-tools-for-STM32/bin/../lib/gcc/arm-none-eabi/14.3.1/../../../../arm-none-eabi/lib/thumb/v8-m.main+fp/hard/libc_nano.a(libc_a-lock.o)
                                                  /home/alhussein/st/stm32cubeclt_1.21.0/GNU-tools-for-STM32/bin/../lib/gcc/arm-none-eabi/14.3.1/../../../../arm-none-eabi/lib/thumb/v8-m.main+fp/hard/libc_nano.a(libc_a-mlock.o)
__lock___sfp_recursive_mutex                      /home/alhussein/st/stm32cubeclt_1.21.0/GNU-tools-for-STM32/bin/../lib/gcc/arm-none-eabi/14.3.1/../../../../arm-none-eabi/lib/thumb/v8-m.main+fp/hard/libc_nano.a(libc_a-lock.o)
                                                  /home/alhussein/st/stm32cubeclt_1.21.0/GNU-tools-for-STM32/bin/../lib/gcc/arm-none-eabi/14.3.1/../../../../arm-none-eabi/lib/thumb/v8-m.main+fp/hard/libc_nano.a(libc_a-findfp.o)
__lock___tz_mutex                                 /home/alhussein/st/stm32cubeclt_1.21.0/GNU-tools-for-STM32/bin/../lib/gcc/arm-none-eabi/14.3.1/../../../../arm-none-eabi/lib/thumb/v8-m.main+fp/hard/libc_nano.a(libc_a-lock.o)
__ltdf2                                           /home/alhussein/st/stm32cubeclt_1.21.0/GNU-tools-for-STM32/bin/../lib/gcc/arm-none-eabi/14.3.1/thumb/v8-m.main+fp/hard/libgcc.a(_arm_cmpdf2.o)
__malloc_free_list                                /home/alhussein/st/stm32cubeclt_1.21.0/GNU-tools-for-STM32/bin/../lib/gcc/arm-none-eabi/14.3.1/../../../../arm-none-eabi/lib/thumb/v8-m.main+fp/hard/libc_nano.a(libc_a-mallocr.o)
                                                  /home/alhussein/st/stm32cubeclt_1.21.0/GNU-tools-for-STM32/bin/../lib/gcc/arm-none-eabi/14.3.1/../../../../arm-none-eabi/lib/thumb/v8-m.main+fp/hard/libc_nano.a(libc_a-freer.o)
__malloc_lock                                     /home/alhussein/st/stm32cubeclt_1.21.0/GNU-tools-for-STM32/bin/../lib/gcc/arm-none-eabi/14.3.1/../../../../arm-none-eabi/lib/thumb/v8-m.main+fp/hard/libc_nano.a(libc_a-mlock.o)
                                                  /home/alhussein/st/stm32cubeclt_1.21.0/GNU-tools-for-STM32/bin/../lib/gcc/arm-none-eabi/14.3.1/../../../../arm-none-eabi/lib/thumb/v8-m.main+fp/hard/libc_nano.a(libc_a-mallocr.o)
                                                  /home/alhussein/st/stm32cubeclt_1.21.0/GNU-tools-for-STM32/bin/../lib/gcc/arm-none-eabi/14.3.1/../../../../arm-none-eabi/lib/thumb/v8-m.main+fp/hard/libc_nano.a(libc_a-freer.o)
__malloc_sbrk_start                               /home/alhussein/st/stm32cubeclt_1.21.0/GNU-tools-for-STM32/bin/../lib/gcc/arm-none-eabi/14.3.1/../../../../arm-none-eabi/lib/thumb/v8-m.main+fp/hard/libc_nano.a(libc_a-mallocr.o)
__malloc_unlock                                   /home/alhussein/st/stm32cubeclt_1.21.0/GNU-tools-for-STM32/bin/../lib/gcc/arm-none-eabi/14.3.1/../../../../arm-none-eabi/lib/thumb/v8-m.main+fp/hard/libc_nano.a(libc_a-mlock.o)
                                                  /home/alhussein/st/stm32cubeclt_1.21.0/GNU-tools-for-STM32/bin/../lib/gcc/arm-none-eabi/14.3.1/../../../../arm-none-eabi/lib/thumb/v8-m.main+fp/hard/libc_nano.a(libc_a-mallocr.o)
                                                  /home/alhussein/st/stm32cubeclt_1.21.0/GNU-tools-for-STM32/bin/../lib/gcc/arm-none-eabi/14.3.1/../../../../arm-none-eabi/lib/thumb/v8-m.main+fp/hard/libc_nano.a(libc_a-freer.o)
__math_check_oflow                                /home/alhussein/st/stm32cubeclt_1.21.0/GNU-tools-for-STM32/bin/../lib/gcc/arm-none-eabi/14.3.1/../../../../arm-none-eabi/lib/thumb/v8-m.main+fp/hard/libm.a(libm_a-math_err.o)
__math_check_uflow                                /home/alhussein/st/stm32cubeclt_1.21.0/GNU-tools-for-STM32/bin/../lib/gcc/arm-none-eabi/14.3.1/../../../../arm-none-eabi/lib/thumb/v8-m.main+fp/hard/libm.a(libm_a-math_err.o)
__math_divzero                                    /home/alhussein/st/stm32cubeclt_1.21.0/GNU-tools-for-STM32/bin/../lib/gcc/arm-none-eabi/14.3.1/../../../../arm-none-eabi/lib/thumb/v8-m.main+fp/hard/libm.a(libm_a-math_err.o)
__math_divzerof                                   /home/alhussein/st/stm32cubeclt_1.21.0/GNU-tools-for-STM32/bin/../lib/gcc/arm-none-eabi/14.3.1/../../../../arm-none-eabi/lib/thumb/v8-m.main+fp/hard/libm.a(libm_a-math_errf.o)
                                                  /home/alhussein/st/stm32cubeclt_1.21.0/GNU-tools-for-STM32/bin/../lib/gcc/arm-none-eabi/14.3.1/../../../../arm-none-eabi/lib/thumb/v8-m.main+fp/hard/libm.a(libm_a-sf_log1p.o)
__math_invalid                                    /home/alhussein/st/stm32cubeclt_1.21.0/GNU-tools-for-STM32/bin/../lib/gcc/arm-none-eabi/14.3.1/../../../../arm-none-eabi/lib/thumb/v8-m.main+fp/hard/libm.a(libm_a-math_err.o)
__math_invalidf                                   /home/alhussein/st/stm32cubeclt_1.21.0/GNU-tools-for-STM32/bin/../lib/gcc/arm-none-eabi/14.3.1/../../../../arm-none-eabi/lib/thumb/v8-m.main+fp/hard/libm.a(libm_a-math_errf.o)
                                                  /home/alhussein/st/stm32cubeclt_1.21.0/GNU-tools-for-STM32/bin/../lib/gcc/arm-none-eabi/14.3.1/../../../../arm-none-eabi/lib/thumb/v8-m.main+fp/hard/libm.a(libm_a-sf_log1p.o)
__math_may_uflow                                  /home/alhussein/st/stm32cubeclt_1.21.0/GNU-tools-for-STM32/bin/../lib/gcc/arm-none-eabi/14.3.1/../../../../arm-none-eabi/lib/thumb/v8-m.main+fp/hard/libm.a(libm_a-math_err.o)
__math_oflow                                      /home/alhussein/st/stm32cubeclt_1.21.0/GNU-tools-for-STM32/bin/../lib/gcc/arm-none-eabi/14.3.1/../../../../arm-none-eabi/lib/thumb/v8-m.main+fp/hard/libm.a(libm_a-math_err.o)
__math_oflowf                                     /home/alhussein/st/stm32cubeclt_1.21.0/GNU-tools-for-STM32/bin/../lib/gcc/arm-none-eabi/14.3.1/../../../../arm-none-eabi/lib/thumb/v8-m.main+fp/hard/libm.a(libm_a-math_errf.o)
                                                  /home/alhussein/st/stm32cubeclt_1.21.0/GNU-tools-for-STM32/bin/../lib/gcc/arm-none-eabi/14.3.1/../../../../arm-none-eabi/lib/thumb/v8-m.main+fp/hard/libm.a(libm_a-ef_pow.o)
                                                  /home/alhussein/st/stm32cubeclt_1.21.0/GNU-tools-for-STM32/bin/../lib/gcc/arm-none-eabi/14.3.1/../../../../arm-none-eabi/lib/thumb/v8-m.main+fp/hard/libm.a(libm_a-ef_exp.o)
                                                  /home/alhussein/st/stm32cubeclt_1.21.0/GNU-tools-for-STM32/bin/../lib/gcc/arm-none-eabi/14.3.1/../../../../arm-none-eabi/lib/thumb/v8-m.main+fp/hard/libm.a(libm_a-ef_cosh.o)
                                                  /home/alhussein/st/stm32cubeclt_1.21.0/GNU-tools-for-STM32/bin/../lib/gcc/arm-none-eabi/14.3.1/../../../../arm-none-eabi/lib/thumb/v8-m.main+fp/hard/libm.a(libm_a-sf_expm1.o)
__math_uflow                                      /home/alhussein/st/stm32cubeclt_1.21.0/GNU-tools-for-STM32/bin/../lib/gcc/arm-none-eabi/14.3.1/../../../../arm-none-eabi/lib/thumb/v8-m.main+fp/hard/libm.a(libm_a-math_err.o)
                                                  /home/alhussein/st/stm32cubeclt_1.21.0/GNU-tools-for-STM32/bin/../lib/gcc/arm-none-eabi/14.3.1/../../../../arm-none-eabi/lib/thumb/v8-m.main+fp/hard/libm.a(libm_a-sf_erf.o)
__math_uflowf                                     /home/alhussein/st/stm32cubeclt_1.21.0/GNU-tools-for-STM32/bin/../lib/gcc/arm-none-eabi/14.3.1/../../../../arm-none-eabi/lib/thumb/v8-m.main+fp/hard/libm.a(libm_a-math_errf.o)
                                                  /home/alhussein/st/stm32cubeclt_1.21.0/GNU-tools-for-STM32/bin/../lib/gcc/arm-none-eabi/14.3.1/../../../../arm-none-eabi/lib/thumb/v8-m.main+fp/hard/libm.a(libm_a-ef_pow.o)
                                                  /home/alhussein/st/stm32cubeclt_1.21.0/GNU-tools-for-STM32/bin/../lib/gcc/arm-none-eabi/14.3.1/../../../../arm-none-eabi/lib/thumb/v8-m.main+fp/hard/libm.a(libm_a-ef_exp.o)
__muldf3                                          /home/alhussein/st/stm32cubeclt_1.21.0/GNU-tools-for-STM32/bin/../lib/gcc/arm-none-eabi/14.3.1/thumb/v8-m.main+fp/hard/libgcc.a(_arm_muldivdf3.o)
                                                  /home/alhussein/st/stm32cubeclt_1.21.0/GNU-tools-for-STM32/bin/../lib/gcc/arm-none-eabi/14.3.1/thumb/v8-m.main+fp/hard/libgcc.a(_arm_muldf3.o)
__nedf2                                           /home/alhussein/st/stm32cubeclt_1.21.0/GNU-tools-for-STM32/bin/../lib/gcc/arm-none-eabi/14.3.1/thumb/v8-m.main+fp/hard/libgcc.a(_arm_cmpdf2.o)
__preinit_array_end                               /home/alhussein/st/stm32cubeclt_1.21.0/GNU-tools-for-STM32/bin/../lib/gcc/arm-none-eabi/14.3.1/../../../../arm-none-eabi/lib/thumb/v8-m.main+fp/hard/libc_nano.a(libc_a-init.o)
__preinit_array_start                             /home/alhussein/st/stm32cubeclt_1.21.0/GNU-tools-for-STM32/bin/../lib/gcc/arm-none-eabi/14.3.1/../../../../arm-none-eabi/lib/thumb/v8-m.main+fp/hard/libc_nano.a(libc_a-init.o)
__register_frame_info                             /home/alhussein/st/stm32cubeclt_1.21.0/GNU-tools-for-STM32/bin/../lib/gcc/arm-none-eabi/14.3.1/thumb/v8-m.main+fp/hard/crtbegin.o
__retarget_lock_acquire                           /home/alhussein/st/stm32cubeclt_1.21.0/GNU-tools-for-STM32/bin/../lib/gcc/arm-none-eabi/14.3.1/../../../../arm-none-eabi/lib/thumb/v8-m.main+fp/hard/libc_nano.a(libc_a-lock.o)
__retarget_lock_acquire_recursive                 /home/alhussein/st/stm32cubeclt_1.21.0/GNU-tools-for-STM32/bin/../lib/gcc/arm-none-eabi/14.3.1/../../../../arm-none-eabi/lib/thumb/v8-m.main+fp/hard/libc_nano.a(libc_a-lock.o)
                                                  /home/alhussein/st/stm32cubeclt_1.21.0/GNU-tools-for-STM32/bin/../lib/gcc/arm-none-eabi/14.3.1/../../../../arm-none-eabi/lib/thumb/v8-m.main+fp/hard/libc_nano.a(libc_a-fflush.o)
                                                  /home/alhussein/st/stm32cubeclt_1.21.0/GNU-tools-for-STM32/bin/../lib/gcc/arm-none-eabi/14.3.1/../../../../arm-none-eabi/lib/thumb/v8-m.main+fp/hard/libc_nano.a(libc_a-mlock.o)
                                                  /home/alhussein/st/stm32cubeclt_1.21.0/GNU-tools-for-STM32/bin/../lib/gcc/arm-none-eabi/14.3.1/../../../../arm-none-eabi/lib/thumb/v8-m.main+fp/hard/libc_nano.a(libc_a-findfp.o)
__retarget_lock_close                             /home/alhussein/st/stm32cubeclt_1.21.0/GNU-tools-for-STM32/bin/../lib/gcc/arm-none-eabi/14.3.1/../../../../arm-none-eabi/lib/thumb/v8-m.main+fp/hard/libc_nano.a(libc_a-lock.o)
__retarget_lock_close_recursive                   /home/alhussein/st/stm32cubeclt_1.21.0/GNU-tools-for-STM32/bin/../lib/gcc/arm-none-eabi/14.3.1/../../../../arm-none-eabi/lib/thumb/v8-m.main+fp/hard/libc_nano.a(libc_a-lock.o)
__retarget_lock_init                              /home/alhussein/st/stm32cubeclt_1.21.0/GNU-tools-for-STM32/bin/../lib/gcc/arm-none-eabi/14.3.1/../../../../arm-none-eabi/lib/thumb/v8-m.main+fp/hard/libc_nano.a(libc_a-lock.o)
__retarget_lock_init_recursive                    /home/alhussein/st/stm32cubeclt_1.21.0/GNU-tools-for-STM32/bin/../lib/gcc/arm-none-eabi/14.3.1/../../../../arm-none-eabi/lib/thumb/v8-m.main+fp/hard/libc_nano.a(libc_a-lock.o)
                                                  /home/alhussein/st/stm32cubeclt_1.21.0/GNU-tools-for-STM32/bin/../lib/gcc/arm-none-eabi/14.3.1/../../../../arm-none-eabi/lib/thumb/v8-m.main+fp/hard/libc_nano.a(libc_a-findfp.o)
__retarget_lock_release                           /home/alhussein/st/stm32cubeclt_1.21.0/GNU-tools-for-STM32/bin/../lib/gcc/arm-none-eabi/14.3.1/../../../../arm-none-eabi/lib/thumb/v8-m.main+fp/hard/libc_nano.a(libc_a-lock.o)
__retarget_lock_release_recursive                 /home/alhussein/st/stm32cubeclt_1.21.0/GNU-tools-for-STM32/bin/../lib/gcc/arm-none-eabi/14.3.1/../../../../arm-none-eabi/lib/thumb/v8-m.main+fp/hard/libc_nano.a(libc_a-lock.o)
                                                  /home/alhussein/st/stm32cubeclt_1.21.0/GNU-tools-for-STM32/bin/../lib/gcc/arm-none-eabi/14.3.1/../../../../arm-none-eabi/lib/thumb/v8-m.main+fp/hard/libc_nano.a(libc_a-fflush.o)
                                                  /home/alhussein/st/stm32cubeclt_1.21.0/GNU-tools-for-STM32/bin/../lib/gcc/arm-none-eabi/14.3.1/../../../../arm-none-eabi/lib/thumb/v8-m.main+fp/hard/libc_nano.a(libc_a-mlock.o)
                                                  /home/alhussein/st/stm32cubeclt_1.21.0/GNU-tools-for-STM32/bin/../lib/gcc/arm-none-eabi/14.3.1/../../../../arm-none-eabi/lib/thumb/v8-m.main+fp/hard/libc_nano.a(libc_a-findfp.o)
__retarget_lock_try_acquire                       /home/alhussein/st/stm32cubeclt_1.21.0/GNU-tools-for-STM32/bin/../lib/gcc/arm-none-eabi/14.3.1/../../../../arm-none-eabi/lib/thumb/v8-m.main+fp/hard/libc_nano.a(libc_a-lock.o)
__retarget_lock_try_acquire_recursive             /home/alhussein/st/stm32cubeclt_1.21.0/GNU-tools-for-STM32/bin/../lib/gcc/arm-none-eabi/14.3.1/../../../../arm-none-eabi/lib/thumb/v8-m.main+fp/hard/libc_nano.a(libc_a-lock.o)
__sclose                                          /home/alhussein/st/stm32cubeclt_1.21.0/GNU-tools-for-STM32/bin/../lib/gcc/arm-none-eabi/14.3.1/../../../../arm-none-eabi/lib/thumb/v8-m.main+fp/hard/libc_nano.a(libc_a-stdio.o)
                                                  /home/alhussein/st/stm32cubeclt_1.21.0/GNU-tools-for-STM32/bin/../lib/gcc/arm-none-eabi/14.3.1/../../../../arm-none-eabi/lib/thumb/v8-m.main+fp/hard/libc_nano.a(libc_a-findfp.o)
__seofread                                        /home/alhussein/st/stm32cubeclt_1.21.0/GNU-tools-for-STM32/bin/../lib/gcc/arm-none-eabi/14.3.1/../../../../arm-none-eabi/lib/thumb/v8-m.main+fp/hard/libc_nano.a(libc_a-stdio.o)
__sf                                              /home/alhussein/st/stm32cubeclt_1.21.0/GNU-tools-for-STM32/bin/../lib/gcc/arm-none-eabi/14.3.1/../../../../arm-none-eabi/lib/thumb/v8-m.main+fp/hard/libc_nano.a(libc_a-findfp.o)
                                                  /home/alhussein/st/stm32cubeclt_1.21.0/GNU-tools-for-STM32/bin/../lib/gcc/arm-none-eabi/14.3.1/../../../../arm-none-eabi/lib/thumb/v8-m.main+fp/hard/libc_nano.a(libc_a-impure.o)
__sflush_r                                        /home/alhussein/st/stm32cubeclt_1.21.0/GNU-tools-for-STM32/bin/../lib/gcc/arm-none-eabi/14.3.1/../../../../arm-none-eabi/lib/thumb/v8-m.main+fp/hard/libc_nano.a(libc_a-fflush.o)
__sfp                                             /home/alhussein/st/stm32cubeclt_1.21.0/GNU-tools-for-STM32/bin/../lib/gcc/arm-none-eabi/14.3.1/../../../../arm-none-eabi/lib/thumb/v8-m.main+fp/hard/libc_nano.a(libc_a-findfp.o)
__sfp_lock_acquire                                /home/alhussein/st/stm32cubeclt_1.21.0/GNU-tools-for-STM32/bin/../lib/gcc/arm-none-eabi/14.3.1/../../../../arm-none-eabi/lib/thumb/v8-m.main+fp/hard/libc_nano.a(libc_a-findfp.o)
__sfp_lock_release                                /home/alhussein/st/stm32cubeclt_1.21.0/GNU-tools-for-STM32/bin/../lib/gcc/arm-none-eabi/14.3.1/../../../../arm-none-eabi/lib/thumb/v8-m.main+fp/hard/libc_nano.a(libc_a-findfp.o)
__sglue                                           /home/alhussein/st/stm32cubeclt_1.21.0/GNU-tools-for-STM32/bin/../lib/gcc/arm-none-eabi/14.3.1/../../../../arm-none-eabi/lib/thumb/v8-m.main+fp/hard/libc_nano.a(libc_a-findfp.o)
                                                  /home/alhussein/st/stm32cubeclt_1.21.0/GNU-tools-for-STM32/bin/../lib/gcc/arm-none-eabi/14.3.1/../../../../arm-none-eabi/lib/thumb/v8-m.main+fp/hard/libc_nano.a(libc_a-fflush.o)
__sinit                                           /home/alhussein/st/stm32cubeclt_1.21.0/GNU-tools-for-STM32/bin/../lib/gcc/arm-none-eabi/14.3.1/../../../../arm-none-eabi/lib/thumb/v8-m.main+fp/hard/libc_nano.a(libc_a-findfp.o)
                                                  /home/alhussein/st/stm32cubeclt_1.21.0/GNU-tools-for-STM32/bin/../lib/gcc/arm-none-eabi/14.3.1/../../../../arm-none-eabi/lib/thumb/v8-m.main+fp/hard/libc_nano.a(libc_a-fflush.o)
__sread                                           /home/alhussein/st/stm32cubeclt_1.21.0/GNU-tools-for-STM32/bin/../lib/gcc/arm-none-eabi/14.3.1/../../../../arm-none-eabi/lib/thumb/v8-m.main+fp/hard/libc_nano.a(libc_a-stdio.o)
                                                  /home/alhussein/st/stm32cubeclt_1.21.0/GNU-tools-for-STM32/bin/../lib/gcc/arm-none-eabi/14.3.1/../../../../arm-none-eabi/lib/thumb/v8-m.main+fp/hard/libc_nano.a(libc_a-findfp.o)
__sseek                                           /home/alhussein/st/stm32cubeclt_1.21.0/GNU-tools-for-STM32/bin/../lib/gcc/arm-none-eabi/14.3.1/../../../../arm-none-eabi/lib/thumb/v8-m.main+fp/hard/libc_nano.a(libc_a-stdio.o)
                                                  /home/alhussein/st/stm32cubeclt_1.21.0/GNU-tools-for-STM32/bin/../lib/gcc/arm-none-eabi/14.3.1/../../../../arm-none-eabi/lib/thumb/v8-m.main+fp/hard/libc_nano.a(libc_a-findfp.o)
__stack                                           /home/alhussein/st/stm32cubeclt_1.21.0/GNU-tools-for-STM32/bin/../lib/gcc/arm-none-eabi/14.3.1/../../../../arm-none-eabi/lib/thumb/v8-m.main+fp/hard/crt0.o
__stdio_exit_handler                              /home/alhussein/st/stm32cubeclt_1.21.0/GNU-tools-for-STM32/bin/../lib/gcc/arm-none-eabi/14.3.1/../../../../arm-none-eabi/lib/thumb/v8-m.main+fp/hard/libc_nano.a(libc_a-findfp.o)
                                                  /home/alhussein/st/stm32cubeclt_1.21.0/GNU-tools-for-STM32/bin/../lib/gcc/arm-none-eabi/14.3.1/../../../../arm-none-eabi/lib/thumb/v8-m.main+fp/hard/libc_nano.a(libc_a-exit.o)
__subdf3                                          /home/alhussein/st/stm32cubeclt_1.21.0/GNU-tools-for-STM32/bin/../lib/gcc/arm-none-eabi/14.3.1/thumb/v8-m.main+fp/hard/libgcc.a(_arm_addsubdf3.o)
__swrite                                          /home/alhussein/st/stm32cubeclt_1.21.0/GNU-tools-for-STM32/bin/../lib/gcc/arm-none-eabi/14.3.1/../../../../arm-none-eabi/lib/thumb/v8-m.main+fp/hard/libc_nano.a(libc_a-stdio.o)
                                                  /home/alhussein/st/stm32cubeclt_1.21.0/GNU-tools-for-STM32/bin/../lib/gcc/arm-none-eabi/14.3.1/../../../../arm-none-eabi/lib/thumb/v8-m.main+fp/hard/libc_nano.a(libc_a-findfp.o)
__truncdfsf2                                      /home/alhussein/st/stm32cubeclt_1.21.0/GNU-tools-for-STM32/bin/../lib/gcc/arm-none-eabi/14.3.1/thumb/v8-m.main+fp/hard/libgcc.a(_arm_truncdfsf2.o)
__unorddf2                                        /home/alhussein/st/stm32cubeclt_1.21.0/GNU-tools-for-STM32/bin/../lib/gcc/arm-none-eabi/14.3.1/thumb/v8-m.main+fp/hard/libgcc.a(_arm_unorddf2.o)
_close                                            syscalls.o
                                                  /home/alhussein/st/stm32cubeclt_1.21.0/GNU-tools-for-STM32/bin/../lib/gcc/arm-none-eabi/14.3.1/../../../../arm-none-eabi/lib/thumb/v8-m.main+fp/hard/libc_nano.a(libc_a-closer.o)
_close_r                                          /home/alhussein/st/stm32cubeclt_1.21.0/GNU-tools-for-STM32/bin/../lib/gcc/arm-none-eabi/14.3.1/../../../../arm-none-eabi/lib/thumb/v8-m.main+fp/hard/libc_nano.a(libc_a-closer.o)
                                                  /home/alhussein/st/stm32cubeclt_1.21.0/GNU-tools-for-STM32/bin/../lib/gcc/arm-none-eabi/14.3.1/../../../../arm-none-eabi/lib/thumb/v8-m.main+fp/hard/libc_nano.a(libc_a-stdio.o)
_ebss                                             startup_stm32xx.o
_edata                                            startup_stm32xx.o
_end                                              sysmem.o
_estack                                           sysmem.o
                                                  startup_stm32xx.o
_execve                                           syscalls.o
_exit                                             syscalls.o
                                                  /home/alhussein/st/stm32cubeclt_1.21.0/GNU-tools-for-STM32/bin/../lib/gcc/arm-none-eabi/14.3.1/../../../../arm-none-eabi/lib/thumb/v8-m.main+fp/hard/libc_nano.a(libc_a-exit.o)
_fflush_r                                         /home/alhussein/st/stm32cubeclt_1.21.0/GNU-tools-for-STM32/bin/../lib/gcc/arm-none-eabi/14.3.1/../../../../arm-none-eabi/lib/thumb/v8-m.main+fp/hard/libc_nano.a(libc_a-fflush.o)
                                                  /home/alhussein/st/stm32cubeclt_1.21.0/GNU-tools-for-STM32/bin/../lib/gcc/arm-none-eabi/14.3.1/../../../../arm-none-eabi/lib/thumb/v8-m.main+fp/hard/libc_nano.a(libc_a-findfp.o)
_fini                                             /home/alhussein/st/stm32cubeclt_1.21.0/GNU-tools-for-STM32/bin/../lib/gcc/arm-none-eabi/14.3.1/thumb/v8-m.main+fp/hard/crti.o
_fork                                             syscalls.o
_free_r                                           /home/alhussein/st/stm32cubeclt_1.21.0/GNU-tools-for-STM32/bin/../lib/gcc/arm-none-eabi/14.3.1/../../../../arm-none-eabi/lib/thumb/v8-m.main+fp/hard/libc_nano.a(libc_a-freer.o)
                                                  /home/alhussein/st/stm32cubeclt_1.21.0/GNU-tools-for-STM32/bin/../lib/gcc/arm-none-eabi/14.3.1/../../../../arm-none-eabi/lib/thumb/v8-m.main+fp/hard/libc_nano.a(libc_a-fflush.o)
                                                  /home/alhussein/st/stm32cubeclt_1.21.0/GNU-tools-for-STM32/bin/../lib/gcc/arm-none-eabi/14.3.1/../../../../arm-none-eabi/lib/thumb/v8-m.main+fp/hard/libc_nano.a(libc_a-reent.o)
_fstat                                            syscalls.o
_fwalk_sglue                                      /home/alhussein/st/stm32cubeclt_1.21.0/GNU-tools-for-STM32/bin/../lib/gcc/arm-none-eabi/14.3.1/../../../../arm-none-eabi/lib/thumb/v8-m.main+fp/hard/libc_nano.a(libc_a-fwalk.o)
                                                  /home/alhussein/st/stm32cubeclt_1.21.0/GNU-tools-for-STM32/bin/../lib/gcc/arm-none-eabi/14.3.1/../../../../arm-none-eabi/lib/thumb/v8-m.main+fp/hard/libc_nano.a(libc_a-fflush.o)
                                                  /home/alhussein/st/stm32cubeclt_1.21.0/GNU-tools-for-STM32/bin/../lib/gcc/arm-none-eabi/14.3.1/../../../../arm-none-eabi/lib/thumb/v8-m.main+fp/hard/libc_nano.a(libc_a-findfp.o)
_getpid                                           syscalls.o
_impure_data                                      /home/alhussein/st/stm32cubeclt_1.21.0/GNU-tools-for-STM32/bin/../lib/gcc/arm-none-eabi/14.3.1/../../../../arm-none-eabi/lib/thumb/v8-m.main+fp/hard/libc_nano.a(libc_a-impure.o)
                                                  /home/alhussein/st/stm32cubeclt_1.21.0/GNU-tools-for-STM32/bin/../lib/gcc/arm-none-eabi/14.3.1/../../../../arm-none-eabi/lib/thumb/v8-m.main+fp/hard/libc_nano.a(libc_a-fflush.o)
                                                  /home/alhussein/st/stm32cubeclt_1.21.0/GNU-tools-for-STM32/bin/../lib/gcc/arm-none-eabi/14.3.1/../../../../arm-none-eabi/lib/thumb/v8-m.main+fp/hard/libc_nano.a(libc_a-findfp.o)
_impure_ptr                                       /home/alhussein/st/stm32cubeclt_1.21.0/GNU-tools-for-STM32/bin/../lib/gcc/arm-none-eabi/14.3.1/../../../../arm-none-eabi/lib/thumb/v8-m.main+fp/hard/libc_nano.a(libc_a-impure.o)
                                                  /home/alhussein/st/stm32cubeclt_1.21.0/GNU-tools-for-STM32/bin/../lib/gcc/arm-none-eabi/14.3.1/../../../../arm-none-eabi/lib/thumb/v8-m.main+fp/hard/libc_nano.a(libc_a-fflush.o)
                                                  /home/alhussein/st/stm32cubeclt_1.21.0/GNU-tools-for-STM32/bin/../lib/gcc/arm-none-eabi/14.3.1/../../../../arm-none-eabi/lib/thumb/v8-m.main+fp/hard/libc_nano.a(libc_a-errno.o)
                                                  /home/alhussein/st/stm32cubeclt_1.21.0/GNU-tools-for-STM32/bin/../lib/gcc/arm-none-eabi/14.3.1/../../../../arm-none-eabi/lib/thumb/v8-m.main+fp/hard/libc_nano.a(libc_a-reent.o)
_init                                             /home/alhussein/st/stm32cubeclt_1.21.0/GNU-tools-for-STM32/bin/../lib/gcc/arm-none-eabi/14.3.1/thumb/v8-m.main+fp/hard/crti.o
                                                  /home/alhussein/st/stm32cubeclt_1.21.0/GNU-tools-for-STM32/bin/../lib/gcc/arm-none-eabi/14.3.1/../../../../arm-none-eabi/lib/thumb/v8-m.main+fp/hard/libc_nano.a(libc_a-init.o)
_isatty                                           syscalls.o
_kill                                             syscalls.o
_link                                             syscalls.o
_lseek                                            syscalls.o
                                                  /home/alhussein/st/stm32cubeclt_1.21.0/GNU-tools-for-STM32/bin/../lib/gcc/arm-none-eabi/14.3.1/../../../../arm-none-eabi/lib/thumb/v8-m.main+fp/hard/libc_nano.a(libc_a-lseekr.o)
_lseek_r                                          /home/alhussein/st/stm32cubeclt_1.21.0/GNU-tools-for-STM32/bin/../lib/gcc/arm-none-eabi/14.3.1/../../../../arm-none-eabi/lib/thumb/v8-m.main+fp/hard/libc_nano.a(libc_a-lseekr.o)
                                                  /home/alhussein/st/stm32cubeclt_1.21.0/GNU-tools-for-STM32/bin/../lib/gcc/arm-none-eabi/14.3.1/../../../../arm-none-eabi/lib/thumb/v8-m.main+fp/hard/libc_nano.a(libc_a-stdio.o)
_mainCRTStartup                                   /home/alhussein/st/stm32cubeclt_1.21.0/GNU-tools-for-STM32/bin/../lib/gcc/arm-none-eabi/14.3.1/../../../../arm-none-eabi/lib/thumb/v8-m.main+fp/hard/crt0.o
_malloc_r                                         /home/alhussein/st/stm32cubeclt_1.21.0/GNU-tools-for-STM32/bin/../lib/gcc/arm-none-eabi/14.3.1/../../../../arm-none-eabi/lib/thumb/v8-m.main+fp/hard/libc_nano.a(libc_a-mallocr.o)
                                                  /home/alhussein/st/stm32cubeclt_1.21.0/GNU-tools-for-STM32/bin/../lib/gcc/arm-none-eabi/14.3.1/../../../../arm-none-eabi/lib/thumb/v8-m.main+fp/hard/libc_nano.a(libc_a-findfp.o)
_open                                             syscalls.o
_read                                             syscalls.o
                                                  /home/alhussein/st/stm32cubeclt_1.21.0/GNU-tools-for-STM32/bin/../lib/gcc/arm-none-eabi/14.3.1/../../../../arm-none-eabi/lib/thumb/v8-m.main+fp/hard/libc_nano.a(libc_a-readr.o)
_read_r                                           /home/alhussein/st/stm32cubeclt_1.21.0/GNU-tools-for-STM32/bin/../lib/gcc/arm-none-eabi/14.3.1/../../../../arm-none-eabi/lib/thumb/v8-m.main+fp/hard/libc_nano.a(libc_a-readr.o)
                                                  /home/alhussein/st/stm32cubeclt_1.21.0/GNU-tools-for-STM32/bin/../lib/gcc/arm-none-eabi/14.3.1/../../../../arm-none-eabi/lib/thumb/v8-m.main+fp/hard/libc_nano.a(libc_a-stdio.o)
_reclaim_reent                                    /home/alhussein/st/stm32cubeclt_1.21.0/GNU-tools-for-STM32/bin/../lib/gcc/arm-none-eabi/14.3.1/../../../../arm-none-eabi/lib/thumb/v8-m.main+fp/hard/libc_nano.a(libc_a-reent.o)
_sbrk                                             sysmem.o
                                                  /home/alhussein/st/stm32cubeclt_1.21.0/GNU-tools-for-STM32/bin/../lib/gcc/arm-none-eabi/14.3.1/../../../../arm-none-eabi/lib/thumb/v8-m.main+fp/hard/libc_nano.a(libc_a-sbrkr.o)
_sbrk_r                                           /home/alhussein/st/stm32cubeclt_1.21.0/GNU-tools-for-STM32/bin/../lib/gcc/arm-none-eabi/14.3.1/../../../../arm-none-eabi/lib/thumb/v8-m.main+fp/hard/libc_nano.a(libc_a-sbrkr.o)
                                                  /home/alhussein/st/stm32cubeclt_1.21.0/GNU-tools-for-STM32/bin/../lib/gcc/arm-none-eabi/14.3.1/../../../../arm-none-eabi/lib/thumb/v8-m.main+fp/hard/libc_nano.a(libc_a-mallocr.o)
_sbss                                             startup_stm32xx.o
_sdata                                            startup_stm32xx.o
_sidata                                           startup_stm32xx.o
_stack_init                                       /home/alhussein/st/stm32cubeclt_1.21.0/GNU-tools-for-STM32/bin/../lib/gcc/arm-none-eabi/14.3.1/../../../../arm-none-eabi/lib/thumb/v8-m.main+fp/hard/crt0.o
_start                                            /home/alhussein/st/stm32cubeclt_1.21.0/GNU-tools-for-STM32/bin/../lib/gcc/arm-none-eabi/14.3.1/../../../../arm-none-eabi/lib/thumb/v8-m.main+fp/hard/crt0.o
_stat                                             syscalls.o
_times                                            syscalls.o
_unlink                                           syscalls.o
_wait                                             syscalls.o
_write                                            syscalls.o
                                                  /home/alhussein/st/stm32cubeclt_1.21.0/GNU-tools-for-STM32/bin/../lib/gcc/arm-none-eabi/14.3.1/../../../../arm-none-eabi/lib/thumb/v8-m.main+fp/hard/libc_nano.a(libc_a-writer.o)
_write_r                                          /home/alhussein/st/stm32cubeclt_1.21.0/GNU-tools-for-STM32/bin/../lib/gcc/arm-none-eabi/14.3.1/../../../../arm-none-eabi/lib/thumb/v8-m.main+fp/hard/libc_nano.a(libc_a-writer.o)
                                                  /home/alhussein/st/stm32cubeclt_1.21.0/GNU-tools-for-STM32/bin/../lib/gcc/arm-none-eabi/14.3.1/../../../../arm-none-eabi/lib/thumb/v8-m.main+fp/hard/libc_nano.a(libc_a-stdio.o)
acosf                                             /home/alhussein/st/stm32cubeclt_1.21.0/GNU-tools-for-STM32/bin/../lib/gcc/arm-none-eabi/14.3.1/../../../../arm-none-eabi/lib/thumb/v8-m.main+fp/hard/libm.a(libm_a-wf_acos.o)
                                                  /home/alhussein/st/STEdgeAI/4.0/Middlewares/ST/AI/Lib/GCC/ARMCortexM33/NetworkRuntime1201_CM33_GCC.a(lite_nl_generic_float.o)
acoshf                                            /home/alhussein/st/stm32cubeclt_1.21.0/GNU-tools-for-STM32/bin/../lib/gcc/arm-none-eabi/14.3.1/../../../../arm-none-eabi/lib/thumb/v8-m.main+fp/hard/libm.a(libm_a-wf_acosh.o)
                                                  /home/alhussein/st/STEdgeAI/4.0/Middlewares/ST/AI/Lib/GCC/ARMCortexM33/NetworkRuntime1201_CM33_GCC.a(lite_nl_generic_float.o)
aiInit                                            stedgeai_app_main.o
aiRun                                             stedgeai_app_main.o
ai_and                                            /home/alhussein/st/STEdgeAI/4.0/Middlewares/ST/AI/Lib/GCC/ARMCortexM33/NetworkRuntime1201_CM33_GCC.a(ai_math_helpers.o)
ai_and_buffer                                     /home/alhussein/st/STEdgeAI/4.0/Middlewares/ST/AI/Lib/GCC/ARMCortexM33/NetworkRuntime1201_CM33_GCC.a(ai_math_helpers.o)
ai_atan2                                          /home/alhussein/st/STEdgeAI/4.0/Middlewares/ST/AI/Lib/GCC/ARMCortexM33/NetworkRuntime1201_CM33_GCC.a(ai_math_helpers.o)
ai_atan2_buffer                                   /home/alhussein/st/STEdgeAI/4.0/Middlewares/ST/AI/Lib/GCC/ARMCortexM33/NetworkRuntime1201_CM33_GCC.a(ai_math_helpers.o)
ai_bitshift_left                                  /home/alhussein/st/STEdgeAI/4.0/Middlewares/ST/AI/Lib/GCC/ARMCortexM33/NetworkRuntime1201_CM33_GCC.a(ai_math_helpers.o)
ai_bitshift_left_buffer                           /home/alhussein/st/STEdgeAI/4.0/Middlewares/ST/AI/Lib/GCC/ARMCortexM33/NetworkRuntime1201_CM33_GCC.a(ai_math_helpers.o)
ai_bitshift_left_buffer_u16                       /home/alhussein/st/STEdgeAI/4.0/Middlewares/ST/AI/Lib/GCC/ARMCortexM33/NetworkRuntime1201_CM33_GCC.a(ai_math_helpers.o)
ai_bitshift_left_buffer_u32                       /home/alhussein/st/STEdgeAI/4.0/Middlewares/ST/AI/Lib/GCC/ARMCortexM33/NetworkRuntime1201_CM33_GCC.a(ai_math_helpers.o)
ai_bitshift_left_buffer_u8                        /home/alhussein/st/STEdgeAI/4.0/Middlewares/ST/AI/Lib/GCC/ARMCortexM33/NetworkRuntime1201_CM33_GCC.a(ai_math_helpers.o)
ai_bitshift_left_u16                              /home/alhussein/st/STEdgeAI/4.0/Middlewares/ST/AI/Lib/GCC/ARMCortexM33/NetworkRuntime1201_CM33_GCC.a(ai_math_helpers.o)
ai_bitshift_left_u32                              /home/alhussein/st/STEdgeAI/4.0/Middlewares/ST/AI/Lib/GCC/ARMCortexM33/NetworkRuntime1201_CM33_GCC.a(ai_math_helpers.o)
ai_bitshift_left_u8                               /home/alhussein/st/STEdgeAI/4.0/Middlewares/ST/AI/Lib/GCC/ARMCortexM33/NetworkRuntime1201_CM33_GCC.a(ai_math_helpers.o)
ai_bitshift_right                                 /home/alhussein/st/STEdgeAI/4.0/Middlewares/ST/AI/Lib/GCC/ARMCortexM33/NetworkRuntime1201_CM33_GCC.a(ai_math_helpers.o)
ai_bitshift_right_buffer                          /home/alhussein/st/STEdgeAI/4.0/Middlewares/ST/AI/Lib/GCC/ARMCortexM33/NetworkRuntime1201_CM33_GCC.a(ai_math_helpers.o)
ai_bitshift_right_buffer_u16                      /home/alhussein/st/STEdgeAI/4.0/Middlewares/ST/AI/Lib/GCC/ARMCortexM33/NetworkRuntime1201_CM33_GCC.a(ai_math_helpers.o)
ai_bitshift_right_buffer_u32                      /home/alhussein/st/STEdgeAI/4.0/Middlewares/ST/AI/Lib/GCC/ARMCortexM33/NetworkRuntime1201_CM33_GCC.a(ai_math_helpers.o)
ai_bitshift_right_buffer_u8                       /home/alhussein/st/STEdgeAI/4.0/Middlewares/ST/AI/Lib/GCC/ARMCortexM33/NetworkRuntime1201_CM33_GCC.a(ai_math_helpers.o)
ai_bitshift_right_u16                             /home/alhussein/st/STEdgeAI/4.0/Middlewares/ST/AI/Lib/GCC/ARMCortexM33/NetworkRuntime1201_CM33_GCC.a(ai_math_helpers.o)
ai_bitshift_right_u32                             /home/alhussein/st/STEdgeAI/4.0/Middlewares/ST/AI/Lib/GCC/ARMCortexM33/NetworkRuntime1201_CM33_GCC.a(ai_math_helpers.o)
ai_bitshift_right_u8                              /home/alhussein/st/STEdgeAI/4.0/Middlewares/ST/AI/Lib/GCC/ARMCortexM33/NetworkRuntime1201_CM33_GCC.a(ai_math_helpers.o)
ai_div                                            /home/alhussein/st/STEdgeAI/4.0/Middlewares/ST/AI/Lib/GCC/ARMCortexM33/NetworkRuntime1201_CM33_GCC.a(ai_math_helpers.o)
ai_div_buffer                                     /home/alhussein/st/STEdgeAI/4.0/Middlewares/ST/AI/Lib/GCC/ARMCortexM33/NetworkRuntime1201_CM33_GCC.a(ai_math_helpers.o)
ai_div_buffer_INT8                                /home/alhussein/st/STEdgeAI/4.0/Middlewares/ST/AI/Lib/GCC/ARMCortexM33/NetworkRuntime1201_CM33_GCC.a(ai_math_helpers.o)
ai_div_buffer_UINT8                               /home/alhussein/st/STEdgeAI/4.0/Middlewares/ST/AI/Lib/GCC/ARMCortexM33/NetworkRuntime1201_CM33_GCC.a(ai_math_helpers.o)
ai_div_buffer_f32                                 /home/alhussein/st/STEdgeAI/4.0/Middlewares/ST/AI/Lib/GCC/ARMCortexM33/NetworkRuntime1201_CM33_GCC.a(ai_math_helpers.o)
ai_div_buffer_s16                                 /home/alhussein/st/STEdgeAI/4.0/Middlewares/ST/AI/Lib/GCC/ARMCortexM33/NetworkRuntime1201_CM33_GCC.a(ai_math_helpers.o)
ai_div_buffer_s32                                 /home/alhussein/st/STEdgeAI/4.0/Middlewares/ST/AI/Lib/GCC/ARMCortexM33/NetworkRuntime1201_CM33_GCC.a(ai_math_helpers.o)
ai_div_buffer_s8                                  /home/alhussein/st/STEdgeAI/4.0/Middlewares/ST/AI/Lib/GCC/ARMCortexM33/NetworkRuntime1201_CM33_GCC.a(ai_math_helpers.o)
ai_div_buffer_u16                                 /home/alhussein/st/STEdgeAI/4.0/Middlewares/ST/AI/Lib/GCC/ARMCortexM33/NetworkRuntime1201_CM33_GCC.a(ai_math_helpers.o)
ai_div_buffer_u32                                 /home/alhussein/st/STEdgeAI/4.0/Middlewares/ST/AI/Lib/GCC/ARMCortexM33/NetworkRuntime1201_CM33_GCC.a(ai_math_helpers.o)
ai_div_buffer_u8                                  /home/alhussein/st/STEdgeAI/4.0/Middlewares/ST/AI/Lib/GCC/ARMCortexM33/NetworkRuntime1201_CM33_GCC.a(ai_math_helpers.o)